---
source: crates/tlang_parser/tests/parser.rs
expression: "parse! (\"foo()();\")"
---
Module(
  id: NodeId(1),
  statements: [
    Stmt(
      id: NodeId(2),
      kind: Expr(Expr(
        id: NodeId(5),
        kind: Call(CallExpression(
          callee: Expr(
            id: NodeId(4),
            kind: Call(CallExpression(
              callee: Expr(
                id: NodeId(3),
                kind: Path(Path(
                  segments: [
                    Ident(
                      name: "foo",
                      span: Span(
                        start: LineColumn(
                          index: 0,
                          line: 0,
                          column: 0,
                        ),
                        end: LineColumn(
                          index: 3,
                          line: 0,
                          column: 3,
                        ),
                      ),
                    ),
                  ],
                  span: Span(
                    start: LineColumn(
                      index: 0,
                      line: 0,
                      column: 0,
                    ),
                    end: LineColumn(
                      index: 3,
                      line: 0,
                      column: 3,
                    ),
                  ),
                )),
                leading_comments: [],
                trailing_comments: [],
                span: Span(
                  start: LineColumn(
                    index: 0,
                    line: 0,
                    column: 0,
                  ),
                  end: LineColumn(
                    index: 3,
                    line: 0,
                    column: 3,
                  ),
                ),
              ),
              arguments: [],
            )),
            leading_comments: [],
            trailing_comments: [],
            span: Span(
              start: LineColumn(
                index: 0,
                line: 0,
                column: 0,
              ),
              end: LineColumn(
                index: 5,
                line: 0,
                column: 5,
              ),
            ),
          ),
          arguments: [],
        )),
        leading_comments: [],
        trailing_comments: [],
        span: Span(
          start: LineColumn(
            index: 0,
            line: 0,
            column: 0,
          ),
          end: LineColumn(
            index: 7,
            line: 0,
            column: 7,
          ),
        ),
      )),
      span: Span(
        start: LineColumn(
          index: 0,
          line: 0,
          column: 0,
        ),
        end: LineColumn(
          index: 8,
          line: 0,
          column: 8,
        ),
      ),
      leading_comments: [],
      trailing_comments: [],
    ),
  ],
  span: Span(
    start: LineColumn(
      index: 0,
      line: 0,
      column: 0,
    ),
    end: LineColumn(
      index: 0,
      line: 0,
      column: 0,
    ),
  ),
)
