---
source: crates/tlang_parser/tests/parser.rs
expression: "parse!(\"foo(1 + 2, 3);\")"
---
Node(
  ast_node: Module([
    Node(
      ast_node: ExpressionStatement(Node(
        ast_node: Call(
          function: Node(
            ast_node: Identifier("foo"),
            symbol_table: None,
            span: Span(
              start: LineColumn(
                line: 0,
                column: 0,
              ),
              end: LineColumn(
                line: 0,
                column: 3,
              ),
            ),
          ),
          arguments: [
            Node(
              ast_node: BinaryOp(
                op: Add,
                lhs: Node(
                  ast_node: Literal(Integer(1)),
                  symbol_table: None,
                  span: Span(
                    start: LineColumn(
                      line: 0,
                      column: 4,
                    ),
                    end: LineColumn(
                      line: 0,
                      column: 5,
                    ),
                  ),
                ),
                rhs: Node(
                  ast_node: Literal(Integer(2)),
                  symbol_table: None,
                  span: Span(
                    start: LineColumn(
                      line: 0,
                      column: 8,
                    ),
                    end: LineColumn(
                      line: 0,
                      column: 9,
                    ),
                  ),
                ),
              ),
              symbol_table: None,
              span: Span(
                start: LineColumn(
                  line: 0,
                  column: 4,
                ),
                end: LineColumn(
                  line: 0,
                  column: 9,
                ),
              ),
            ),
            Node(
              ast_node: Literal(Integer(3)),
              symbol_table: None,
              span: Span(
                start: LineColumn(
                  line: 0,
                  column: 11,
                ),
                end: LineColumn(
                  line: 0,
                  column: 12,
                ),
              ),
            ),
          ],
        ),
        symbol_table: None,
        span: Span(
          start: LineColumn(
            line: 0,
            column: 0,
          ),
          end: LineColumn(
            line: 0,
            column: 13,
          ),
        ),
      )),
      symbol_table: None,
      span: Span(
        start: LineColumn(
          line: 0,
          column: 0,
        ),
        end: LineColumn(
          line: 0,
          column: 14,
        ),
      ),
    ),
  ]),
  symbol_table: None,
  span: Span(
    start: LineColumn(
      line: 0,
      column: 0,
    ),
    end: LineColumn(
      line: 0,
      column: 0,
    ),
  ),
)
