---
source: crates/tlang_parser/tests/parser.rs
expression: "parse!(\"let x = foo[1];\")"
---
Node(
  ast_node: Legacy(Module([
    Node(
      ast_node: Legacy(VariableDeclaration(
        id: SymbolId(1),
        pattern: Node(
          ast_node: Legacy(Identifier("x")),
          symbol_table: None,
          span: Span(
            start: LineColumn(
              line: 0,
              column: 4,
            ),
            end: LineColumn(
              line: 0,
              column: 5,
            ),
          ),
        ),
        expression: Node(
          ast_node: Legacy(IndexExpression(
            base: Node(
              ast_node: Legacy(Identifier("foo")),
              symbol_table: None,
              span: Span(
                start: LineColumn(
                  line: 0,
                  column: 8,
                ),
                end: LineColumn(
                  line: 0,
                  column: 11,
                ),
              ),
            ),
            index: Node(
              ast_node: Legacy(Literal(Integer(1))),
              symbol_table: None,
              span: Span(
                start: LineColumn(
                  line: 0,
                  column: 12,
                ),
                end: LineColumn(
                  line: 0,
                  column: 13,
                ),
              ),
            ),
          )),
          symbol_table: None,
          span: Span(
            start: LineColumn(
              line: 0,
              column: 8,
            ),
            end: LineColumn(
              line: 0,
              column: 14,
            ),
          ),
        ),
        type_annotation: None,
      )),
      symbol_table: None,
      span: Span(
        start: LineColumn(
          line: 0,
          column: 0,
        ),
        end: LineColumn(
          line: 0,
          column: 15,
        ),
      ),
    ),
  ])),
  symbol_table: None,
  span: Span(
    start: LineColumn(
      line: 0,
      column: 0,
    ),
    end: LineColumn(
      line: 0,
      column: 0,
    ),
  ),
)
