---
source: crates/tlang_parser/tests/parser_fn.rs
expression: "parse!\n(indoc!\n{\"\n        fn filter([], f) { [] }\n        fn filter([x, ...xs], f) if f(x) { [x, ...filter(xs, f)] }\n        fn filter([x, ...xs], f) { rec filter(xs, f) }\n    \"})"
---
Module(
  id: 2,
  statements: [
    Stmt(
      id: 43,
      kind: FunctionDeclarations([
        FunctionDeclaration(
          id: 9,
          name: Expr(
            id: 3,
            kind: Path(Path(
              segments: [
                Ident(
                  name: "filter",
                  span: Span(
                    start: LineColumn(
                      line: 0,
                      column: 3,
                    ),
                    end: LineColumn(
                      line: 0,
                      column: 9,
                    ),
                  ),
                ),
              ],
              res: Res(
                node_id: None,
              ),
              span: Span(
                start: LineColumn(
                  line: 0,
                  column: 3,
                ),
                end: LineColumn(
                  line: 0,
                  column: 9,
                ),
              ),
            )),
            leading_comments: [],
            trailing_comments: [],
            span: Span(
              start: LineColumn(
                line: 0,
                column: 3,
              ),
              end: LineColumn(
                line: 0,
                column: 9,
              ),
            ),
          ),
          parameters: [
            FunctionParameter(
              pattern: Pat(
                id: 4,
                kind: List([]),
                leading_comments: [],
                trailing_comments: [],
                span: Span(
                  start: LineColumn(
                    line: 0,
                    column: 10,
                  ),
                  end: LineColumn(
                    line: 0,
                    column: 12,
                  ),
                ),
              ),
              type_annotation: None,
              span: Span(
                start: LineColumn(
                  line: 0,
                  column: 10,
                ),
                end: LineColumn(
                  line: 0,
                  column: 12,
                ),
              ),
            ),
            FunctionParameter(
              pattern: Pat(
                id: 5,
                kind: Identifier(Ident(
                  name: "f",
                  span: Span(
                    start: LineColumn(
                      line: 0,
                      column: 14,
                    ),
                    end: LineColumn(
                      line: 0,
                      column: 15,
                    ),
                  ),
                )),
                leading_comments: [],
                trailing_comments: [],
                span: Span(
                  start: LineColumn(
                    line: 0,
                    column: 14,
                  ),
                  end: LineColumn(
                    line: 0,
                    column: 15,
                  ),
                ),
              ),
              type_annotation: None,
              span: Span(
                start: LineColumn(
                  line: 0,
                  column: 14,
                ),
                end: LineColumn(
                  line: 0,
                  column: 15,
                ),
              ),
            ),
          ],
          guard: None,
          return_type_annotation: None,
          body: Block(
            id: 8,
            statements: [],
            expression: Some(Expr(
              id: 7,
              kind: List([]),
              leading_comments: [],
              trailing_comments: [],
              span: Span(
                start: LineColumn(
                  line: 0,
                  column: 19,
                ),
                end: LineColumn(
                  line: 0,
                  column: 21,
                ),
              ),
            )),
            span: Span(
              start: LineColumn(
                line: 0,
                column: 17,
              ),
              end: LineColumn(
                line: 0,
                column: 23,
              ),
            ),
          ),
          leading_comments: [],
          trailing_comments: [],
          span: Span(
            start: LineColumn(
              line: 0,
              column: 0,
            ),
            end: LineColumn(
              line: 0,
              column: 23,
            ),
          ),
        ),
        FunctionDeclaration(
          id: 28,
          name: Expr(
            id: 10,
            kind: Path(Path(
              segments: [
                Ident(
                  name: "filter",
                  span: Span(
                    start: LineColumn(
                      line: 1,
                      column: 4,
                    ),
                    end: LineColumn(
                      line: 1,
                      column: 10,
                    ),
                  ),
                ),
              ],
              res: Res(
                node_id: None,
              ),
              span: Span(
                start: LineColumn(
                  line: 1,
                  column: 4,
                ),
                end: LineColumn(
                  line: 1,
                  column: 10,
                ),
              ),
            )),
            leading_comments: [],
            trailing_comments: [],
            span: Span(
              start: LineColumn(
                line: 1,
                column: 4,
              ),
              end: LineColumn(
                line: 1,
                column: 10,
              ),
            ),
          ),
          parameters: [
            FunctionParameter(
              pattern: Pat(
                id: 14,
                kind: List([
                  Pat(
                    id: 11,
                    kind: Identifier(Ident(
                      name: "x",
                      span: Span(
                        start: LineColumn(
                          line: 1,
                          column: 12,
                        ),
                        end: LineColumn(
                          line: 1,
                          column: 13,
                        ),
                      ),
                    )),
                    leading_comments: [],
                    trailing_comments: [],
                    span: Span(
                      start: LineColumn(
                        line: 1,
                        column: 12,
                      ),
                      end: LineColumn(
                        line: 1,
                        column: 13,
                      ),
                    ),
                  ),
                  Pat(
                    id: 12,
                    kind: Rest(Pat(
                      id: 13,
                      kind: Identifier(Ident(
                        name: "xs",
                        span: Span(
                          start: LineColumn(
                            line: 1,
                            column: 18,
                          ),
                          end: LineColumn(
                            line: 1,
                            column: 20,
                          ),
                        ),
                      )),
                      leading_comments: [],
                      trailing_comments: [],
                      span: Span(
                        start: LineColumn(
                          line: 1,
                          column: 18,
                        ),
                        end: LineColumn(
                          line: 1,
                          column: 20,
                        ),
                      ),
                    )),
                    leading_comments: [],
                    trailing_comments: [],
                    span: Span(
                      start: LineColumn(
                        line: 0,
                        column: 0,
                      ),
                      end: LineColumn(
                        line: 0,
                        column: 0,
                      ),
                    ),
                  ),
                ]),
                leading_comments: [],
                trailing_comments: [],
                span: Span(
                  start: LineColumn(
                    line: 1,
                    column: 11,
                  ),
                  end: LineColumn(
                    line: 1,
                    column: 21,
                  ),
                ),
              ),
              type_annotation: None,
              span: Span(
                start: LineColumn(
                  line: 1,
                  column: 11,
                ),
                end: LineColumn(
                  line: 1,
                  column: 21,
                ),
              ),
            ),
            FunctionParameter(
              pattern: Pat(
                id: 15,
                kind: Identifier(Ident(
                  name: "f",
                  span: Span(
                    start: LineColumn(
                      line: 1,
                      column: 23,
                    ),
                    end: LineColumn(
                      line: 1,
                      column: 24,
                    ),
                  ),
                )),
                leading_comments: [],
                trailing_comments: [],
                span: Span(
                  start: LineColumn(
                    line: 1,
                    column: 23,
                  ),
                  end: LineColumn(
                    line: 1,
                    column: 24,
                  ),
                ),
              ),
              type_annotation: None,
              span: Span(
                start: LineColumn(
                  line: 1,
                  column: 23,
                ),
                end: LineColumn(
                  line: 1,
                  column: 24,
                ),
              ),
            ),
          ],
          guard: Some(Expr(
            id: 18,
            kind: Call(CallExpression(
              callee: Expr(
                id: 16,
                kind: Path(Path(
                  segments: [
                    Ident(
                      name: "f",
                      span: Span(
                        start: LineColumn(
                          line: 1,
                          column: 29,
                        ),
                        end: LineColumn(
                          line: 1,
                          column: 30,
                        ),
                      ),
                    ),
                  ],
                  res: Res(
                    node_id: None,
                  ),
                  span: Span(
                    start: LineColumn(
                      line: 1,
                      column: 29,
                    ),
                    end: LineColumn(
                      line: 1,
                      column: 30,
                    ),
                  ),
                )),
                leading_comments: [],
                trailing_comments: [],
                span: Span(
                  start: LineColumn(
                    line: 1,
                    column: 29,
                  ),
                  end: LineColumn(
                    line: 1,
                    column: 30,
                  ),
                ),
              ),
              arguments: [
                Expr(
                  id: 17,
                  kind: Path(Path(
                    segments: [
                      Ident(
                        name: "x",
                        span: Span(
                          start: LineColumn(
                            line: 1,
                            column: 31,
                          ),
                          end: LineColumn(
                            line: 1,
                            column: 32,
                          ),
                        ),
                      ),
                    ],
                    res: Res(
                      node_id: None,
                    ),
                    span: Span(
                      start: LineColumn(
                        line: 1,
                        column: 31,
                      ),
                      end: LineColumn(
                        line: 1,
                        column: 32,
                      ),
                    ),
                  )),
                  leading_comments: [],
                  trailing_comments: [],
                  span: Span(
                    start: LineColumn(
                      line: 1,
                      column: 31,
                    ),
                    end: LineColumn(
                      line: 1,
                      column: 32,
                    ),
                  ),
                ),
              ],
            )),
            leading_comments: [],
            trailing_comments: [],
            span: Span(
              start: LineColumn(
                line: 1,
                column: 29,
              ),
              end: LineColumn(
                line: 1,
                column: 33,
              ),
            ),
          )),
          return_type_annotation: None,
          body: Block(
            id: 27,
            statements: [],
            expression: Some(Expr(
              id: 26,
              kind: List([
                Expr(
                  id: 20,
                  kind: Path(Path(
                    segments: [
                      Ident(
                        name: "x",
                        span: Span(
                          start: LineColumn(
                            line: 1,
                            column: 37,
                          ),
                          end: LineColumn(
                            line: 1,
                            column: 38,
                          ),
                        ),
                      ),
                    ],
                    res: Res(
                      node_id: None,
                    ),
                    span: Span(
                      start: LineColumn(
                        line: 1,
                        column: 37,
                      ),
                      end: LineColumn(
                        line: 1,
                        column: 38,
                      ),
                    ),
                  )),
                  leading_comments: [],
                  trailing_comments: [],
                  span: Span(
                    start: LineColumn(
                      line: 1,
                      column: 37,
                    ),
                    end: LineColumn(
                      line: 1,
                      column: 38,
                    ),
                  ),
                ),
                Expr(
                  id: 21,
                  kind: UnaryOp(Spread, Expr(
                    id: 25,
                    kind: Call(CallExpression(
                      callee: Expr(
                        id: 22,
                        kind: Path(Path(
                          segments: [
                            Ident(
                              name: "filter",
                              span: Span(
                                start: LineColumn(
                                  line: 1,
                                  column: 43,
                                ),
                                end: LineColumn(
                                  line: 1,
                                  column: 49,
                                ),
                              ),
                            ),
                          ],
                          res: Res(
                            node_id: None,
                          ),
                          span: Span(
                            start: LineColumn(
                              line: 1,
                              column: 43,
                            ),
                            end: LineColumn(
                              line: 1,
                              column: 49,
                            ),
                          ),
                        )),
                        leading_comments: [],
                        trailing_comments: [],
                        span: Span(
                          start: LineColumn(
                            line: 1,
                            column: 43,
                          ),
                          end: LineColumn(
                            line: 1,
                            column: 49,
                          ),
                        ),
                      ),
                      arguments: [
                        Expr(
                          id: 23,
                          kind: Path(Path(
                            segments: [
                              Ident(
                                name: "xs",
                                span: Span(
                                  start: LineColumn(
                                    line: 1,
                                    column: 50,
                                  ),
                                  end: LineColumn(
                                    line: 1,
                                    column: 52,
                                  ),
                                ),
                              ),
                            ],
                            res: Res(
                              node_id: None,
                            ),
                            span: Span(
                              start: LineColumn(
                                line: 1,
                                column: 50,
                              ),
                              end: LineColumn(
                                line: 1,
                                column: 52,
                              ),
                            ),
                          )),
                          leading_comments: [],
                          trailing_comments: [],
                          span: Span(
                            start: LineColumn(
                              line: 1,
                              column: 50,
                            ),
                            end: LineColumn(
                              line: 1,
                              column: 52,
                            ),
                          ),
                        ),
                        Expr(
                          id: 24,
                          kind: Path(Path(
                            segments: [
                              Ident(
                                name: "f",
                                span: Span(
                                  start: LineColumn(
                                    line: 1,
                                    column: 54,
                                  ),
                                  end: LineColumn(
                                    line: 1,
                                    column: 55,
                                  ),
                                ),
                              ),
                            ],
                            res: Res(
                              node_id: None,
                            ),
                            span: Span(
                              start: LineColumn(
                                line: 1,
                                column: 54,
                              ),
                              end: LineColumn(
                                line: 1,
                                column: 55,
                              ),
                            ),
                          )),
                          leading_comments: [],
                          trailing_comments: [],
                          span: Span(
                            start: LineColumn(
                              line: 1,
                              column: 54,
                            ),
                            end: LineColumn(
                              line: 1,
                              column: 55,
                            ),
                          ),
                        ),
                      ],
                    )),
                    leading_comments: [],
                    trailing_comments: [],
                    span: Span(
                      start: LineColumn(
                        line: 1,
                        column: 43,
                      ),
                      end: LineColumn(
                        line: 1,
                        column: 56,
                      ),
                    ),
                  )),
                  leading_comments: [],
                  trailing_comments: [],
                  span: Span(
                    start: LineColumn(
                      line: 0,
                      column: 0,
                    ),
                    end: LineColumn(
                      line: 0,
                      column: 0,
                    ),
                  ),
                ),
              ]),
              leading_comments: [],
              trailing_comments: [],
              span: Span(
                start: LineColumn(
                  line: 1,
                  column: 36,
                ),
                end: LineColumn(
                  line: 1,
                  column: 57,
                ),
              ),
            )),
            span: Span(
              start: LineColumn(
                line: 1,
                column: 34,
              ),
              end: LineColumn(
                line: 1,
                column: 59,
              ),
            ),
          ),
          leading_comments: [],
          trailing_comments: [],
          span: Span(
            start: LineColumn(
              line: 1,
              column: 1,
            ),
            end: LineColumn(
              line: 1,
              column: 59,
            ),
          ),
        ),
        FunctionDeclaration(
          id: 42,
          name: Expr(
            id: 29,
            kind: Path(Path(
              segments: [
                Ident(
                  name: "filter",
                  span: Span(
                    start: LineColumn(
                      line: 2,
                      column: 4,
                    ),
                    end: LineColumn(
                      line: 2,
                      column: 10,
                    ),
                  ),
                ),
              ],
              res: Res(
                node_id: None,
              ),
              span: Span(
                start: LineColumn(
                  line: 2,
                  column: 4,
                ),
                end: LineColumn(
                  line: 2,
                  column: 10,
                ),
              ),
            )),
            leading_comments: [],
            trailing_comments: [],
            span: Span(
              start: LineColumn(
                line: 2,
                column: 4,
              ),
              end: LineColumn(
                line: 2,
                column: 10,
              ),
            ),
          ),
          parameters: [
            FunctionParameter(
              pattern: Pat(
                id: 33,
                kind: List([
                  Pat(
                    id: 30,
                    kind: Identifier(Ident(
                      name: "x",
                      span: Span(
                        start: LineColumn(
                          line: 2,
                          column: 12,
                        ),
                        end: LineColumn(
                          line: 2,
                          column: 13,
                        ),
                      ),
                    )),
                    leading_comments: [],
                    trailing_comments: [],
                    span: Span(
                      start: LineColumn(
                        line: 2,
                        column: 12,
                      ),
                      end: LineColumn(
                        line: 2,
                        column: 13,
                      ),
                    ),
                  ),
                  Pat(
                    id: 31,
                    kind: Rest(Pat(
                      id: 32,
                      kind: Identifier(Ident(
                        name: "xs",
                        span: Span(
                          start: LineColumn(
                            line: 2,
                            column: 18,
                          ),
                          end: LineColumn(
                            line: 2,
                            column: 20,
                          ),
                        ),
                      )),
                      leading_comments: [],
                      trailing_comments: [],
                      span: Span(
                        start: LineColumn(
                          line: 2,
                          column: 18,
                        ),
                        end: LineColumn(
                          line: 2,
                          column: 20,
                        ),
                      ),
                    )),
                    leading_comments: [],
                    trailing_comments: [],
                    span: Span(
                      start: LineColumn(
                        line: 0,
                        column: 0,
                      ),
                      end: LineColumn(
                        line: 0,
                        column: 0,
                      ),
                    ),
                  ),
                ]),
                leading_comments: [],
                trailing_comments: [],
                span: Span(
                  start: LineColumn(
                    line: 2,
                    column: 11,
                  ),
                  end: LineColumn(
                    line: 2,
                    column: 21,
                  ),
                ),
              ),
              type_annotation: None,
              span: Span(
                start: LineColumn(
                  line: 2,
                  column: 11,
                ),
                end: LineColumn(
                  line: 2,
                  column: 21,
                ),
              ),
            ),
            FunctionParameter(
              pattern: Pat(
                id: 34,
                kind: Identifier(Ident(
                  name: "f",
                  span: Span(
                    start: LineColumn(
                      line: 2,
                      column: 23,
                    ),
                    end: LineColumn(
                      line: 2,
                      column: 24,
                    ),
                  ),
                )),
                leading_comments: [],
                trailing_comments: [],
                span: Span(
                  start: LineColumn(
                    line: 2,
                    column: 23,
                  ),
                  end: LineColumn(
                    line: 2,
                    column: 24,
                  ),
                ),
              ),
              type_annotation: None,
              span: Span(
                start: LineColumn(
                  line: 2,
                  column: 23,
                ),
                end: LineColumn(
                  line: 2,
                  column: 24,
                ),
              ),
            ),
          ],
          guard: None,
          return_type_annotation: None,
          body: Block(
            id: 41,
            statements: [],
            expression: Some(Expr(
              id: 40,
              kind: RecursiveCall(CallExpression(
                callee: Expr(
                  id: 36,
                  kind: Path(Path(
                    segments: [
                      Ident(
                        name: "filter",
                        span: Span(
                          start: LineColumn(
                            line: 2,
                            column: 32,
                          ),
                          end: LineColumn(
                            line: 2,
                            column: 38,
                          ),
                        ),
                      ),
                    ],
                    res: Res(
                      node_id: None,
                    ),
                    span: Span(
                      start: LineColumn(
                        line: 2,
                        column: 32,
                      ),
                      end: LineColumn(
                        line: 2,
                        column: 38,
                      ),
                    ),
                  )),
                  leading_comments: [],
                  trailing_comments: [],
                  span: Span(
                    start: LineColumn(
                      line: 2,
                      column: 32,
                    ),
                    end: LineColumn(
                      line: 2,
                      column: 38,
                    ),
                  ),
                ),
                arguments: [
                  Expr(
                    id: 37,
                    kind: Path(Path(
                      segments: [
                        Ident(
                          name: "xs",
                          span: Span(
                            start: LineColumn(
                              line: 2,
                              column: 39,
                            ),
                            end: LineColumn(
                              line: 2,
                              column: 41,
                            ),
                          ),
                        ),
                      ],
                      res: Res(
                        node_id: None,
                      ),
                      span: Span(
                        start: LineColumn(
                          line: 2,
                          column: 39,
                        ),
                        end: LineColumn(
                          line: 2,
                          column: 41,
                        ),
                      ),
                    )),
                    leading_comments: [],
                    trailing_comments: [],
                    span: Span(
                      start: LineColumn(
                        line: 2,
                        column: 39,
                      ),
                      end: LineColumn(
                        line: 2,
                        column: 41,
                      ),
                    ),
                  ),
                  Expr(
                    id: 38,
                    kind: Path(Path(
                      segments: [
                        Ident(
                          name: "f",
                          span: Span(
                            start: LineColumn(
                              line: 2,
                              column: 43,
                            ),
                            end: LineColumn(
                              line: 2,
                              column: 44,
                            ),
                          ),
                        ),
                      ],
                      res: Res(
                        node_id: None,
                      ),
                      span: Span(
                        start: LineColumn(
                          line: 2,
                          column: 43,
                        ),
                        end: LineColumn(
                          line: 2,
                          column: 44,
                        ),
                      ),
                    )),
                    leading_comments: [],
                    trailing_comments: [],
                    span: Span(
                      start: LineColumn(
                        line: 2,
                        column: 43,
                      ),
                      end: LineColumn(
                        line: 2,
                        column: 44,
                      ),
                    ),
                  ),
                ],
              )),
              leading_comments: [],
              trailing_comments: [],
              span: Span(
                start: LineColumn(
                  line: 2,
                  column: 28,
                ),
                end: LineColumn(
                  line: 2,
                  column: 45,
                ),
              ),
            )),
            span: Span(
              start: LineColumn(
                line: 2,
                column: 26,
              ),
              end: LineColumn(
                line: 2,
                column: 47,
              ),
            ),
          ),
          leading_comments: [],
          trailing_comments: [],
          span: Span(
            start: LineColumn(
              line: 2,
              column: 1,
            ),
            end: LineColumn(
              line: 2,
              column: 47,
            ),
          ),
        ),
      ]),
      span: Span(
        start: LineColumn(
          line: 0,
          column: 0,
        ),
        end: LineColumn(
          line: 2,
          column: 47,
        ),
      ),
      leading_comments: [],
      trailing_comments: [],
    ),
  ],
  span: Span(
    start: LineColumn(
      line: 0,
      column: 0,
    ),
    end: LineColumn(
      line: 2,
      column: 47,
    ),
  ),
)
