---
source: crates/tlang_parser/tests/parser_types.rs
expression: "parse!(\"fn foo() -> i64 { 1 }\")"
---
Node(
  ast_node: Legacy(Module([
    Stmt(
      kind: FunctionDeclaration(FunctionDeclaration(
        id: SymbolId(1),
        name: Expr(
          kind: Path(Path(
            segments: [
              Ident(
                name: "foo",
                span: Span(
                  start: LineColumn(
                    line: 0,
                    column: 3,
                  ),
                  end: LineColumn(
                    line: 0,
                    column: 6,
                  ),
                ),
              ),
            ],
            span: Span(
              start: LineColumn(
                line: 0,
                column: 3,
              ),
              end: LineColumn(
                line: 0,
                column: 6,
              ),
            ),
          )),
          symbol_table: None,
          span: Span(
            start: LineColumn(
              line: 0,
              column: 3,
            ),
            end: LineColumn(
              line: 0,
              column: 6,
            ),
          ),
        ),
        parameters: [],
        guard: None,
        return_type_annotation: Some(Ty(
          name: Path(
            segments: [
              Ident(
                name: "i64",
                span: Span(
                  start: LineColumn(
                    line: 0,
                    column: 12,
                  ),
                  end: LineColumn(
                    line: 0,
                    column: 15,
                  ),
                ),
              ),
            ],
            span: Span(
              start: LineColumn(
                line: 0,
                column: 12,
              ),
              end: LineColumn(
                line: 0,
                column: 15,
              ),
            ),
          ),
          parameters: [],
          span: Span(
            start: LineColumn(
              line: 0,
              column: 0,
            ),
            end: LineColumn(
              line: 0,
              column: 0,
            ),
          ),
        )),
        body: Expr(
          kind: Block([], Some(Expr(
            kind: Literal(Integer(1)),
            symbol_table: None,
            span: Span(
              start: LineColumn(
                line: 0,
                column: 18,
              ),
              end: LineColumn(
                line: 0,
                column: 19,
              ),
            ),
          ))),
          symbol_table: None,
          span: Span(
            start: LineColumn(
              line: 0,
              column: 0,
            ),
            end: LineColumn(
              line: 0,
              column: 0,
            ),
          ),
        ),
      )),
      span: Span(
        start: LineColumn(
          line: 0,
          column: 0,
        ),
        end: LineColumn(
          line: 0,
          column: 21,
        ),
      ),
      symbol_table: None,
    ),
  ])),
  symbol_table: None,
  span: Span(
    start: LineColumn(
      line: 0,
      column: 0,
    ),
    end: LineColumn(
      line: 0,
      column: 0,
    ),
  ),
)
