---
source: crates/tlang_parser/tests/parser.rs
expression: "parse!(\"foo.bar;\")"
---
Node(
  ast_node: Program([
    Node(
      ast_node: ExpressionStatement(Node(
        ast_node: FieldExpression(
          base: Node(
            ast_node: Identifier("foo"),
            symbol_table: None,
            span: Span(
              start: LineColumn(
                line: 0,
                column: 0,
              ),
              end: LineColumn(
                line: 0,
                column: 3,
              ),
            ),
          ),
          field: Node(
            ast_node: Identifier("bar"),
            symbol_table: None,
            span: Span(
              start: LineColumn(
                line: 0,
                column: 0,
              ),
              end: LineColumn(
                line: 0,
                column: 0,
              ),
            ),
          ),
        ),
        symbol_table: None,
        span: Span(
          start: LineColumn(
            line: 0,
            column: 0,
          ),
          end: LineColumn(
            line: 0,
            column: 7,
          ),
        ),
      )),
      symbol_table: None,
      span: Span(
        start: LineColumn(
          line: 0,
          column: 0,
        ),
        end: LineColumn(
          line: 0,
          column: 8,
        ),
      ),
    ),
  ]),
  symbol_table: None,
  span: Span(
    start: LineColumn(
      line: 0,
      column: 0,
    ),
    end: LineColumn(
      line: 0,
      column: 0,
    ),
  ),
)
