---
source: crates/tlang_parser/tests/parser.rs
expression: "parse!(\"foo.bar.baz;\")"
---
Node(
  ast_node: Legacy(Module([
    Node(
      ast_node: Legacy(ExpressionStatement(Expr(
        kind: FieldExpression(
          base: Expr(
            kind: FieldExpression(
              base: Expr(
                kind: Identifier(Ident(
                  name: "foo",
                  span: Span(
                    start: LineColumn(
                      line: 0,
                      column: 0,
                    ),
                    end: LineColumn(
                      line: 0,
                      column: 0,
                    ),
                  ),
                )),
                symbol_table: None,
                span: Span(
                  start: LineColumn(
                    line: 0,
                    column: 0,
                  ),
                  end: LineColumn(
                    line: 0,
                    column: 3,
                  ),
                ),
              ),
              field: Expr(
                kind: Identifier(Ident(
                  name: "bar",
                  span: Span(
                    start: LineColumn(
                      line: 0,
                      column: 4,
                    ),
                    end: LineColumn(
                      line: 0,
                      column: 7,
                    ),
                  ),
                )),
                symbol_table: None,
                span: Span(
                  start: LineColumn(
                    line: 0,
                    column: 0,
                  ),
                  end: LineColumn(
                    line: 0,
                    column: 0,
                  ),
                ),
              ),
            ),
            symbol_table: None,
            span: Span(
              start: LineColumn(
                line: 0,
                column: 0,
              ),
              end: LineColumn(
                line: 0,
                column: 0,
              ),
            ),
          ),
          field: Expr(
            kind: Identifier(Ident(
              name: "baz",
              span: Span(
                start: LineColumn(
                  line: 0,
                  column: 8,
                ),
                end: LineColumn(
                  line: 0,
                  column: 11,
                ),
              ),
            )),
            symbol_table: None,
            span: Span(
              start: LineColumn(
                line: 0,
                column: 0,
              ),
              end: LineColumn(
                line: 0,
                column: 0,
              ),
            ),
          ),
        ),
        symbol_table: None,
        span: Span(
          start: LineColumn(
            line: 0,
            column: 0,
          ),
          end: LineColumn(
            line: 0,
            column: 11,
          ),
        ),
      ))),
      symbol_table: None,
      span: Span(
        start: LineColumn(
          line: 0,
          column: 0,
        ),
        end: LineColumn(
          line: 0,
          column: 12,
        ),
      ),
    ),
  ])),
  symbol_table: None,
  span: Span(
    start: LineColumn(
      line: 0,
      column: 0,
    ),
    end: LineColumn(
      line: 0,
      column: 0,
    ),
  ),
)
