---
source: crates/tlang_parser/tests/parser.rs
expression: "parse!(\"(1 + 2) * 3;\")"
---
Node(
  ast_node: Legacy(Module([
    Node(
      ast_node: Legacy(ExpressionStatement(Expr(
        kind: BinaryOp(
          op: Multiply,
          lhs: Expr(
            kind: BinaryOp(
              op: Add,
              lhs: Expr(
                kind: Literal(Integer(1)),
                span: Span(
                  start: LineColumn(
                    line: 0,
                    column: 1,
                  ),
                  end: LineColumn(
                    line: 0,
                    column: 2,
                  ),
                ),
              ),
              rhs: Expr(
                kind: Literal(Integer(2)),
                span: Span(
                  start: LineColumn(
                    line: 0,
                    column: 5,
                  ),
                  end: LineColumn(
                    line: 0,
                    column: 6,
                  ),
                ),
              ),
            ),
            span: Span(
              start: LineColumn(
                line: 0,
                column: 0,
              ),
              end: LineColumn(
                line: 0,
                column: 7,
              ),
            ),
          ),
          rhs: Expr(
            kind: Literal(Integer(3)),
            span: Span(
              start: LineColumn(
                line: 0,
                column: 10,
              ),
              end: LineColumn(
                line: 0,
                column: 11,
              ),
            ),
          ),
        ),
        span: Span(
          start: LineColumn(
            line: 0,
            column: 0,
          ),
          end: LineColumn(
            line: 0,
            column: 11,
          ),
        ),
      ))),
      symbol_table: None,
      span: Span(
        start: LineColumn(
          line: 0,
          column: 0,
        ),
        end: LineColumn(
          line: 0,
          column: 12,
        ),
      ),
    ),
  ])),
  symbol_table: None,
  span: Span(
    start: LineColumn(
      line: 0,
      column: 0,
    ),
    end: LineColumn(
      line: 0,
      column: 0,
    ),
  ),
)
