---
source: crates/tlang_parser/tests/parser_enum.rs
expression: "parse!\n(indoc!\n{\"\n        enum Option {\n            Some(x),\n            None,\n        }\n\n        let x = Option::Some(42);\n    \"})"
---
Module(
  id: 2,
  statements: [
    Stmt(
      id: 7,
      kind: EnumDeclaration(EnumDeclaration(
        visibility: Private,
        name: Ident(
          name: "Option",
          span: Span(
            start: 5,
            end: 11,
            start_lc: LineColumn(
              line: 0,
              column: 5,
            ),
            end_lc: LineColumn(
              line: 0,
              column: 11,
            ),
          ),
        ),
        variants: [
          EnumVariant(
            id: 5,
            name: Ident(
              name: "Some",
              span: Span(
                start: 18,
                end: 22,
                start_lc: LineColumn(
                  line: 1,
                  column: 5,
                ),
                end_lc: LineColumn(
                  line: 1,
                  column: 9,
                ),
              ),
            ),
            parameters: [
              StructField(
                id: 4,
                name: Ident(
                  name: "0",
                  span: Span(
                    start: 0,
                    end: 0,
                    start_lc: LineColumn(
                      line: 0,
                      column: 0,
                    ),
                    end_lc: LineColumn(
                      line: 0,
                      column: 0,
                    ),
                  ),
                ),
                ty: Ty(
                  id: 3,
                  kind: Path(Path(
                    segments: [
                      Ident(
                        name: "x",
                        span: Span(
                          start: 23,
                          end: 24,
                          start_lc: LineColumn(
                            line: 1,
                            column: 10,
                          ),
                          end_lc: LineColumn(
                            line: 1,
                            column: 11,
                          ),
                        ),
                      ),
                    ],
                    res: Unresolved,
                    span: Span(
                      start: 23,
                      end: 24,
                      start_lc: LineColumn(
                        line: 1,
                        column: 10,
                      ),
                      end_lc: LineColumn(
                        line: 1,
                        column: 11,
                      ),
                    ),
                  )),
                  parameters: [],
                  span: Span(
                    start: 0,
                    end: 0,
                    start_lc: LineColumn(
                      line: 0,
                      column: 0,
                    ),
                    end_lc: LineColumn(
                      line: 0,
                      column: 0,
                    ),
                  ),
                ),
              ),
            ],
            discriminant: None,
            span: Span(
              start: 18,
              end: 25,
              start_lc: LineColumn(
                line: 1,
                column: 5,
              ),
              end_lc: LineColumn(
                line: 1,
                column: 12,
              ),
            ),
          ),
          EnumVariant(
            id: 6,
            name: Ident(
              name: "None",
              span: Span(
                start: 31,
                end: 35,
                start_lc: LineColumn(
                  line: 2,
                  column: 5,
                ),
                end_lc: LineColumn(
                  line: 2,
                  column: 9,
                ),
              ),
            ),
            parameters: [],
            discriminant: None,
            span: Span(
              start: 31,
              end: 35,
              start_lc: LineColumn(
                line: 2,
                column: 5,
              ),
              end_lc: LineColumn(
                line: 2,
                column: 9,
              ),
            ),
          ),
        ],
        consts: [],
      )),
      span: Span(
        start: 0,
        end: 38,
        start_lc: LineColumn(
          line: 0,
          column: 0,
        ),
        end_lc: LineColumn(
          line: 3,
          column: 2,
        ),
      ),
      leading_comments: [],
      trailing_comments: [],
    ),
    Stmt(
      id: 12,
      kind: Let(LetDeclaration(
        pattern: Pat(
          id: 8,
          kind: Identifier(Ident(
            name: "x",
            span: Span(
              start: 44,
              end: 45,
              start_lc: LineColumn(
                line: 5,
                column: 5,
              ),
              end_lc: LineColumn(
                line: 5,
                column: 6,
              ),
            ),
          )),
          leading_comments: [],
          trailing_comments: [],
          span: Span(
            start: 44,
            end: 45,
            start_lc: LineColumn(
              line: 5,
              column: 5,
            ),
            end_lc: LineColumn(
              line: 5,
              column: 6,
            ),
          ),
        ),
        expression: Expr(
          id: 11,
          kind: Call(CallExpression(
            callee: Expr(
              id: 9,
              kind: Path(Path(
                segments: [
                  Ident(
                    name: "Option",
                    span: Span(
                      start: 48,
                      end: 54,
                      start_lc: LineColumn(
                        line: 5,
                        column: 9,
                      ),
                      end_lc: LineColumn(
                        line: 5,
                        column: 15,
                      ),
                    ),
                  ),
                  Ident(
                    name: "Some",
                    span: Span(
                      start: 56,
                      end: 60,
                      start_lc: LineColumn(
                        line: 5,
                        column: 17,
                      ),
                      end_lc: LineColumn(
                        line: 5,
                        column: 21,
                      ),
                    ),
                  ),
                ],
                res: Unresolved,
                span: Span(
                  start: 48,
                  end: 60,
                  start_lc: LineColumn(
                    line: 5,
                    column: 9,
                  ),
                  end_lc: LineColumn(
                    line: 5,
                    column: 21,
                  ),
                ),
              )),
              leading_comments: [],
              trailing_comments: [],
              span: Span(
                start: 48,
                end: 60,
                start_lc: LineColumn(
                  line: 5,
                  column: 9,
                ),
                end_lc: LineColumn(
                  line: 5,
                  column: 21,
                ),
              ),
            ),
            arguments: [
              Expr(
                id: 10,
                kind: Literal(UnsignedInteger(42)),
                leading_comments: [],
                trailing_comments: [],
                span: Span(
                  start: 61,
                  end: 63,
                  start_lc: LineColumn(
                    line: 5,
                    column: 22,
                  ),
                  end_lc: LineColumn(
                    line: 5,
                    column: 24,
                  ),
                ),
              ),
            ],
          )),
          leading_comments: [],
          trailing_comments: [],
          span: Span(
            start: 48,
            end: 64,
            start_lc: LineColumn(
              line: 5,
              column: 9,
            ),
            end_lc: LineColumn(
              line: 5,
              column: 25,
            ),
          ),
        ),
        type_annotation: None,
      )),
      span: Span(
        start: 40,
        end: 65,
        start_lc: LineColumn(
          line: 5,
          column: 1,
        ),
        end_lc: LineColumn(
          line: 5,
          column: 26,
        ),
      ),
      leading_comments: [],
      trailing_comments: [],
    ),
  ],
  span: Span(
    start: 0,
    end: 65,
    start_lc: LineColumn(
      line: 0,
      column: 0,
    ),
    end_lc: LineColumn(
      line: 5,
      column: 26,
    ),
  ),
)
