---
source: crates/tlang_parser/tests/parser_fn.rs
expression: "parse!\n(indoc!\n{\"\n        fn sum([]) { 0 }\n        fn sum([x, ...xs]) { x + sum(xs) }\n    \"})"
---
Module(
  id: 2,
  statements: [
    Stmt(
      id: 22,
      kind: FunctionDeclarations([
        FunctionDeclaration(
          id: 8,
          visibility: Private,
          name: Expr(
            id: 3,
            kind: Path(Path(
              segments: [
                Ident(
                  name: "sum",
                  span: Span(
                    start: 3,
                    end: 6,
                    start_lc: LineColumn(
                      line: 0,
                      column: 3,
                    ),
                    end_lc: LineColumn(
                      line: 0,
                      column: 6,
                    ),
                  ),
                ),
              ],
              res: Unresolved,
              span: Span(
                start: 3,
                end: 6,
                start_lc: LineColumn(
                  line: 0,
                  column: 3,
                ),
                end_lc: LineColumn(
                  line: 0,
                  column: 6,
                ),
              ),
            )),
            leading_comments: [],
            trailing_comments: [],
            span: Span(
              start: 3,
              end: 6,
              start_lc: LineColumn(
                line: 0,
                column: 3,
              ),
              end_lc: LineColumn(
                line: 0,
                column: 6,
              ),
            ),
          ),
          owner_type_params: [],
          type_params: [],
          parameters: [
            FunctionParameter(
              pattern: Pat(
                id: 4,
                kind: List([]),
                leading_comments: [],
                trailing_comments: [],
                span: Span(
                  start: 7,
                  end: 9,
                  start_lc: LineColumn(
                    line: 0,
                    column: 7,
                  ),
                  end_lc: LineColumn(
                    line: 0,
                    column: 9,
                  ),
                ),
              ),
              type_annotation: None,
              span: Span(
                start: 7,
                end: 9,
                start_lc: LineColumn(
                  line: 0,
                  column: 7,
                ),
                end_lc: LineColumn(
                  line: 0,
                  column: 9,
                ),
              ),
            ),
          ],
          params_span: Span(
            start: 6,
            end: 10,
            start_lc: LineColumn(
              line: 0,
              column: 6,
            ),
            end_lc: LineColumn(
              line: 0,
              column: 10,
            ),
          ),
          guard: None,
          return_type_annotation: None,
          body: Block(
            id: 7,
            statements: [],
            expression: Some(Expr(
              id: 6,
              kind: Literal(UnsignedInteger(0)),
              leading_comments: [],
              trailing_comments: [],
              span: Span(
                start: 13,
                end: 14,
                start_lc: LineColumn(
                  line: 0,
                  column: 13,
                ),
                end_lc: LineColumn(
                  line: 0,
                  column: 14,
                ),
              ),
            )),
            span: Span(
              start: 11,
              end: 16,
              start_lc: LineColumn(
                line: 0,
                column: 11,
              ),
              end_lc: LineColumn(
                line: 0,
                column: 16,
              ),
            ),
          ),
          leading_comments: [],
          trailing_comments: [],
          span: Span(
            start: 0,
            end: 16,
            start_lc: LineColumn(
              line: 0,
              column: 0,
            ),
            end_lc: LineColumn(
              line: 0,
              column: 16,
            ),
          ),
        ),
        FunctionDeclaration(
          id: 21,
          visibility: Private,
          name: Expr(
            id: 9,
            kind: Path(Path(
              segments: [
                Ident(
                  name: "sum",
                  span: Span(
                    start: 20,
                    end: 23,
                    start_lc: LineColumn(
                      line: 1,
                      column: 4,
                    ),
                    end_lc: LineColumn(
                      line: 1,
                      column: 7,
                    ),
                  ),
                ),
              ],
              res: Unresolved,
              span: Span(
                start: 20,
                end: 23,
                start_lc: LineColumn(
                  line: 1,
                  column: 4,
                ),
                end_lc: LineColumn(
                  line: 1,
                  column: 7,
                ),
              ),
            )),
            leading_comments: [],
            trailing_comments: [],
            span: Span(
              start: 20,
              end: 23,
              start_lc: LineColumn(
                line: 1,
                column: 4,
              ),
              end_lc: LineColumn(
                line: 1,
                column: 7,
              ),
            ),
          ),
          owner_type_params: [],
          type_params: [],
          parameters: [
            FunctionParameter(
              pattern: Pat(
                id: 13,
                kind: List([
                  Pat(
                    id: 10,
                    kind: Identifier(Ident(
                      name: "x",
                      span: Span(
                        start: 25,
                        end: 26,
                        start_lc: LineColumn(
                          line: 1,
                          column: 9,
                        ),
                        end_lc: LineColumn(
                          line: 1,
                          column: 10,
                        ),
                      ),
                    )),
                    leading_comments: [],
                    trailing_comments: [],
                    span: Span(
                      start: 25,
                      end: 26,
                      start_lc: LineColumn(
                        line: 1,
                        column: 9,
                      ),
                      end_lc: LineColumn(
                        line: 1,
                        column: 10,
                      ),
                    ),
                  ),
                  Pat(
                    id: 11,
                    kind: Rest(Pat(
                      id: 12,
                      kind: Identifier(Ident(
                        name: "xs",
                        span: Span(
                          start: 31,
                          end: 33,
                          start_lc: LineColumn(
                            line: 1,
                            column: 15,
                          ),
                          end_lc: LineColumn(
                            line: 1,
                            column: 17,
                          ),
                        ),
                      )),
                      leading_comments: [],
                      trailing_comments: [],
                      span: Span(
                        start: 31,
                        end: 33,
                        start_lc: LineColumn(
                          line: 1,
                          column: 15,
                        ),
                        end_lc: LineColumn(
                          line: 1,
                          column: 17,
                        ),
                      ),
                    )),
                    leading_comments: [],
                    trailing_comments: [],
                    span: Span(
                      start: 0,
                      end: 0,
                      start_lc: LineColumn(
                        line: 0,
                        column: 0,
                      ),
                      end_lc: LineColumn(
                        line: 0,
                        column: 0,
                      ),
                    ),
                  ),
                ]),
                leading_comments: [],
                trailing_comments: [],
                span: Span(
                  start: 24,
                  end: 34,
                  start_lc: LineColumn(
                    line: 1,
                    column: 8,
                  ),
                  end_lc: LineColumn(
                    line: 1,
                    column: 18,
                  ),
                ),
              ),
              type_annotation: None,
              span: Span(
                start: 24,
                end: 34,
                start_lc: LineColumn(
                  line: 1,
                  column: 8,
                ),
                end_lc: LineColumn(
                  line: 1,
                  column: 18,
                ),
              ),
            ),
          ],
          params_span: Span(
            start: 23,
            end: 35,
            start_lc: LineColumn(
              line: 1,
              column: 7,
            ),
            end_lc: LineColumn(
              line: 1,
              column: 19,
            ),
          ),
          guard: None,
          return_type_annotation: None,
          body: Block(
            id: 20,
            statements: [],
            expression: Some(Expr(
              id: 19,
              kind: BinaryOp(BinaryOpExpression(
                op: Add,
                lhs: Expr(
                  id: 15,
                  kind: Path(Path(
                    segments: [
                      Ident(
                        name: "x",
                        span: Span(
                          start: 38,
                          end: 39,
                          start_lc: LineColumn(
                            line: 1,
                            column: 22,
                          ),
                          end_lc: LineColumn(
                            line: 1,
                            column: 23,
                          ),
                        ),
                      ),
                    ],
                    res: Unresolved,
                    span: Span(
                      start: 38,
                      end: 39,
                      start_lc: LineColumn(
                        line: 1,
                        column: 22,
                      ),
                      end_lc: LineColumn(
                        line: 1,
                        column: 23,
                      ),
                    ),
                  )),
                  leading_comments: [],
                  trailing_comments: [],
                  span: Span(
                    start: 38,
                    end: 39,
                    start_lc: LineColumn(
                      line: 1,
                      column: 22,
                    ),
                    end_lc: LineColumn(
                      line: 1,
                      column: 23,
                    ),
                  ),
                ),
                rhs: Expr(
                  id: 18,
                  kind: Call(CallExpression(
                    callee: Expr(
                      id: 16,
                      kind: Path(Path(
                        segments: [
                          Ident(
                            name: "sum",
                            span: Span(
                              start: 42,
                              end: 45,
                              start_lc: LineColumn(
                                line: 1,
                                column: 26,
                              ),
                              end_lc: LineColumn(
                                line: 1,
                                column: 29,
                              ),
                            ),
                          ),
                        ],
                        res: Unresolved,
                        span: Span(
                          start: 42,
                          end: 45,
                          start_lc: LineColumn(
                            line: 1,
                            column: 26,
                          ),
                          end_lc: LineColumn(
                            line: 1,
                            column: 29,
                          ),
                        ),
                      )),
                      leading_comments: [],
                      trailing_comments: [],
                      span: Span(
                        start: 42,
                        end: 45,
                        start_lc: LineColumn(
                          line: 1,
                          column: 26,
                        ),
                        end_lc: LineColumn(
                          line: 1,
                          column: 29,
                        ),
                      ),
                    ),
                    arguments: [
                      Expr(
                        id: 17,
                        kind: Path(Path(
                          segments: [
                            Ident(
                              name: "xs",
                              span: Span(
                                start: 46,
                                end: 48,
                                start_lc: LineColumn(
                                  line: 1,
                                  column: 30,
                                ),
                                end_lc: LineColumn(
                                  line: 1,
                                  column: 32,
                                ),
                              ),
                            ),
                          ],
                          res: Unresolved,
                          span: Span(
                            start: 46,
                            end: 48,
                            start_lc: LineColumn(
                              line: 1,
                              column: 30,
                            ),
                            end_lc: LineColumn(
                              line: 1,
                              column: 32,
                            ),
                          ),
                        )),
                        leading_comments: [],
                        trailing_comments: [],
                        span: Span(
                          start: 46,
                          end: 48,
                          start_lc: LineColumn(
                            line: 1,
                            column: 30,
                          ),
                          end_lc: LineColumn(
                            line: 1,
                            column: 32,
                          ),
                        ),
                      ),
                    ],
                  )),
                  leading_comments: [],
                  trailing_comments: [],
                  span: Span(
                    start: 42,
                    end: 49,
                    start_lc: LineColumn(
                      line: 1,
                      column: 26,
                    ),
                    end_lc: LineColumn(
                      line: 1,
                      column: 33,
                    ),
                  ),
                ),
              )),
              leading_comments: [],
              trailing_comments: [],
              span: Span(
                start: 38,
                end: 49,
                start_lc: LineColumn(
                  line: 1,
                  column: 22,
                ),
                end_lc: LineColumn(
                  line: 1,
                  column: 33,
                ),
              ),
            )),
            span: Span(
              start: 36,
              end: 51,
              start_lc: LineColumn(
                line: 1,
                column: 20,
              ),
              end_lc: LineColumn(
                line: 1,
                column: 35,
              ),
            ),
          ),
          leading_comments: [],
          trailing_comments: [],
          span: Span(
            start: 17,
            end: 51,
            start_lc: LineColumn(
              line: 1,
              column: 1,
            ),
            end_lc: LineColumn(
              line: 1,
              column: 35,
            ),
          ),
        ),
      ]),
      span: Span(
        start: 0,
        end: 51,
        start_lc: LineColumn(
          line: 0,
          column: 0,
        ),
        end_lc: LineColumn(
          line: 1,
          column: 35,
        ),
      ),
      leading_comments: [],
      trailing_comments: [],
    ),
  ],
  span: Span(
    start: 0,
    end: 51,
    start_lc: LineColumn(
      line: 0,
      column: 0,
    ),
    end_lc: LineColumn(
      line: 1,
      column: 35,
    ),
  ),
)
