---
source: crates/tlang_parser/tests/parser.rs
expression: "parse!(\"foo(bar(1), 2);\")"
---
Node(
  ast_node: Program([
    Node(
      ast_node: ExpressionStatement(Node(
        ast_node: Call(
          function: Node(
            ast_node: Identifier("foo"),
            symbol_table: None,
            span: Span(
              start: LineColumn(
                line: 0,
                column: 0,
              ),
              end: LineColumn(
                line: 0,
                column: 3,
              ),
            ),
          ),
          arguments: [
            Node(
              ast_node: Call(
                function: Node(
                  ast_node: Identifier("bar"),
                  symbol_table: None,
                  span: Span(
                    start: LineColumn(
                      line: 0,
                      column: 4,
                    ),
                    end: LineColumn(
                      line: 0,
                      column: 7,
                    ),
                  ),
                ),
                arguments: [
                  Node(
                    ast_node: Literal(Integer(1)),
                    symbol_table: None,
                    span: Span(
                      start: LineColumn(
                        line: 0,
                        column: 8,
                      ),
                      end: LineColumn(
                        line: 0,
                        column: 9,
                      ),
                    ),
                  ),
                ],
              ),
              symbol_table: None,
              span: Span(
                start: LineColumn(
                  line: 0,
                  column: 0,
                ),
                end: LineColumn(
                  line: 0,
                  column: 0,
                ),
              ),
            ),
            Node(
              ast_node: Literal(Integer(2)),
              symbol_table: None,
              span: Span(
                start: LineColumn(
                  line: 0,
                  column: 12,
                ),
                end: LineColumn(
                  line: 0,
                  column: 13,
                ),
              ),
            ),
          ],
        ),
        symbol_table: None,
        span: Span(
          start: LineColumn(
            line: 0,
            column: 0,
          ),
          end: LineColumn(
            line: 0,
            column: 0,
          ),
        ),
      )),
      symbol_table: None,
      span: Span(
        start: LineColumn(
          line: 0,
          column: 0,
        ),
        end: LineColumn(
          line: 0,
          column: 0,
        ),
      ),
    ),
  ]),
  symbol_table: None,
  span: Span(
    start: LineColumn(
      line: 0,
      column: 0,
    ),
    end: LineColumn(
      line: 0,
      column: 0,
    ),
  ),
)
