---
source: crates/tlang_parser/tests/parser_fn.rs
expression: "parse!\n(indoc!\n{\n    \"\n        fn foo(1) { 1 }\n        // comment\n        fn foo(n) { n * 2 }\n    \"\n})"
---
Module(
  id: NodeId(1),
  statements: [
    Stmt(
      id: NodeId(16),
      kind: FunctionDeclarations([
        FunctionDeclaration(
          id: NodeId(7),
          name: Expr(
            id: NodeId(2),
            kind: Path(Path(
              segments: [
                Ident(
                  name: "foo",
                  span: Span(
                    start: LineColumn(
                      line: 0,
                      column: 3,
                    ),
                    end: LineColumn(
                      line: 0,
                      column: 6,
                    ),
                  ),
                ),
              ],
              span: Span(
                start: LineColumn(
                  line: 0,
                  column: 3,
                ),
                end: LineColumn(
                  line: 0,
                  column: 6,
                ),
              ),
            )),
            leading_comments: [],
            trailing_comments: [],
            span: Span(
              start: LineColumn(
                line: 0,
                column: 3,
              ),
              end: LineColumn(
                line: 0,
                column: 6,
              ),
            ),
          ),
          parameters: [
            FunctionParameter(
              pattern: Pat(
                id: NodeId(3),
                kind: Literal(UnsignedInteger(1)),
                leading_comments: [],
                trailing_comments: [],
                span: Span(
                  start: LineColumn(
                    line: 0,
                    column: 7,
                  ),
                  end: LineColumn(
                    line: 0,
                    column: 8,
                  ),
                ),
              ),
              type_annotation: None,
              span: Span(
                start: LineColumn(
                  line: 0,
                  column: 7,
                ),
                end: LineColumn(
                  line: 0,
                  column: 8,
                ),
              ),
            ),
          ],
          guard: None,
          return_type_annotation: None,
          body: Block(
            id: NodeId(6),
            statements: [],
            expression: Some(Expr(
              id: NodeId(5),
              kind: Literal(UnsignedInteger(1)),
              leading_comments: [],
              trailing_comments: [],
              span: Span(
                start: LineColumn(
                  line: 0,
                  column: 12,
                ),
                end: LineColumn(
                  line: 0,
                  column: 13,
                ),
              ),
            )),
            span: Span(
              start: LineColumn(
                line: 0,
                column: 10,
              ),
              end: LineColumn(
                line: 0,
                column: 15,
              ),
            ),
          ),
          leading_comments: [],
          trailing_comments: [],
          span: Span(
            start: LineColumn(
              line: 0,
              column: 0,
            ),
            end: LineColumn(
              line: 0,
              column: 15,
            ),
          ),
        ),
        FunctionDeclaration(
          id: NodeId(15),
          name: Expr(
            id: NodeId(8),
            kind: Path(Path(
              segments: [
                Ident(
                  name: "foo",
                  span: Span(
                    start: LineColumn(
                      line: 2,
                      column: 4,
                    ),
                    end: LineColumn(
                      line: 2,
                      column: 7,
                    ),
                  ),
                ),
              ],
              span: Span(
                start: LineColumn(
                  line: 2,
                  column: 4,
                ),
                end: LineColumn(
                  line: 2,
                  column: 7,
                ),
              ),
            )),
            leading_comments: [],
            trailing_comments: [],
            span: Span(
              start: LineColumn(
                line: 2,
                column: 4,
              ),
              end: LineColumn(
                line: 2,
                column: 7,
              ),
            ),
          ),
          parameters: [
            FunctionParameter(
              pattern: Pat(
                id: NodeId(9),
                kind: Identifier(Ident(
                  name: "n",
                  span: Span(
                    start: LineColumn(
                      line: 2,
                      column: 8,
                    ),
                    end: LineColumn(
                      line: 2,
                      column: 9,
                    ),
                  ),
                )),
                leading_comments: [],
                trailing_comments: [],
                span: Span(
                  start: LineColumn(
                    line: 2,
                    column: 8,
                  ),
                  end: LineColumn(
                    line: 2,
                    column: 9,
                  ),
                ),
              ),
              type_annotation: None,
              span: Span(
                start: LineColumn(
                  line: 2,
                  column: 8,
                ),
                end: LineColumn(
                  line: 2,
                  column: 9,
                ),
              ),
            ),
          ],
          guard: None,
          return_type_annotation: None,
          body: Block(
            id: NodeId(14),
            statements: [],
            expression: Some(Expr(
              id: NodeId(13),
              kind: BinaryOp(BinaryOpExpression(
                op: Multiply,
                lhs: Expr(
                  id: NodeId(11),
                  kind: Path(Path(
                    segments: [
                      Ident(
                        name: "n",
                        span: Span(
                          start: LineColumn(
                            line: 2,
                            column: 13,
                          ),
                          end: LineColumn(
                            line: 2,
                            column: 14,
                          ),
                        ),
                      ),
                    ],
                    span: Span(
                      start: LineColumn(
                        line: 2,
                        column: 13,
                      ),
                      end: LineColumn(
                        line: 2,
                        column: 14,
                      ),
                    ),
                  )),
                  leading_comments: [],
                  trailing_comments: [],
                  span: Span(
                    start: LineColumn(
                      line: 2,
                      column: 13,
                    ),
                    end: LineColumn(
                      line: 2,
                      column: 14,
                    ),
                  ),
                ),
                rhs: Expr(
                  id: NodeId(12),
                  kind: Literal(UnsignedInteger(2)),
                  leading_comments: [],
                  trailing_comments: [],
                  span: Span(
                    start: LineColumn(
                      line: 2,
                      column: 17,
                    ),
                    end: LineColumn(
                      line: 2,
                      column: 18,
                    ),
                  ),
                ),
              )),
              leading_comments: [],
              trailing_comments: [],
              span: Span(
                start: LineColumn(
                  line: 2,
                  column: 13,
                ),
                end: LineColumn(
                  line: 2,
                  column: 18,
                ),
              ),
            )),
            span: Span(
              start: LineColumn(
                line: 2,
                column: 11,
              ),
              end: LineColumn(
                line: 2,
                column: 20,
              ),
            ),
          ),
          leading_comments: [
            Token(
              kind: SingleLineComment(" comment"),
              span: Span(
                start: LineColumn(
                  line: 1,
                  column: 1,
                ),
                end: LineColumn(
                  line: 1,
                  column: 11,
                ),
              ),
            ),
          ],
          trailing_comments: [],
          span: Span(
            start: LineColumn(
              line: 2,
              column: 1,
            ),
            end: LineColumn(
              line: 2,
              column: 20,
            ),
          ),
        ),
      ]),
      span: Span(
        start: LineColumn(
          line: 0,
          column: 0,
        ),
        end: LineColumn(
          line: 2,
          column: 20,
        ),
      ),
      leading_comments: [],
      trailing_comments: [],
    ),
  ],
  span: Span(
    start: LineColumn(
      line: 0,
      column: 0,
    ),
    end: LineColumn(
      line: 0,
      column: 0,
    ),
  ),
)
