---
source: crates/tlang_parser/tests/parser_fn.rs
expression: "parse!\n(indoc!\n{\"\n        fn filter_map([], f) { [] }\n        fn filter_map([x, ...xs], f) if let y = f(x) { [y, ...filter_map(xs, f)] }\n        fn filter_map([x, ...xs], f) { rec filter_map(xs, f) }\n    \"})"
---
Module(
  id: 2,
  statements: [
    Stmt(
      id: 45,
      kind: FunctionDeclarations([
        FunctionDeclaration(
          id: 9,
          visibility: Private,
          name: Expr(
            id: 3,
            kind: Path(Path(
              segments: [
                Ident(
                  name: "filter_map",
                  span: Span(
                    start: 3,
                    end: 13,
                    start_lc: LineColumn(
                      line: 0,
                      column: 3,
                    ),
                    end_lc: LineColumn(
                      line: 0,
                      column: 13,
                    ),
                  ),
                ),
              ],
              res: Unresolved,
              span: Span(
                start: 3,
                end: 13,
                start_lc: LineColumn(
                  line: 0,
                  column: 3,
                ),
                end_lc: LineColumn(
                  line: 0,
                  column: 13,
                ),
              ),
            )),
            leading_comments: [],
            trailing_comments: [],
            span: Span(
              start: 3,
              end: 13,
              start_lc: LineColumn(
                line: 0,
                column: 3,
              ),
              end_lc: LineColumn(
                line: 0,
                column: 13,
              ),
            ),
          ),
          type_params: [],
          parameters: [
            FunctionParameter(
              pattern: Pat(
                id: 4,
                kind: List([]),
                leading_comments: [],
                trailing_comments: [],
                span: Span(
                  start: 14,
                  end: 16,
                  start_lc: LineColumn(
                    line: 0,
                    column: 14,
                  ),
                  end_lc: LineColumn(
                    line: 0,
                    column: 16,
                  ),
                ),
              ),
              type_annotation: None,
              span: Span(
                start: 14,
                end: 16,
                start_lc: LineColumn(
                  line: 0,
                  column: 14,
                ),
                end_lc: LineColumn(
                  line: 0,
                  column: 16,
                ),
              ),
            ),
            FunctionParameter(
              pattern: Pat(
                id: 5,
                kind: Identifier(Ident(
                  name: "f",
                  span: Span(
                    start: 18,
                    end: 19,
                    start_lc: LineColumn(
                      line: 0,
                      column: 18,
                    ),
                    end_lc: LineColumn(
                      line: 0,
                      column: 19,
                    ),
                  ),
                )),
                leading_comments: [],
                trailing_comments: [],
                span: Span(
                  start: 18,
                  end: 19,
                  start_lc: LineColumn(
                    line: 0,
                    column: 18,
                  ),
                  end_lc: LineColumn(
                    line: 0,
                    column: 19,
                  ),
                ),
              ),
              type_annotation: None,
              span: Span(
                start: 18,
                end: 19,
                start_lc: LineColumn(
                  line: 0,
                  column: 18,
                ),
                end_lc: LineColumn(
                  line: 0,
                  column: 19,
                ),
              ),
            ),
          ],
          params_span: Span(
            start: 13,
            end: 20,
            start_lc: LineColumn(
              line: 0,
              column: 13,
            ),
            end_lc: LineColumn(
              line: 0,
              column: 20,
            ),
          ),
          guard: None,
          return_type_annotation: None,
          body: Block(
            id: 8,
            statements: [],
            expression: Some(Expr(
              id: 7,
              kind: List([]),
              leading_comments: [],
              trailing_comments: [],
              span: Span(
                start: 23,
                end: 25,
                start_lc: LineColumn(
                  line: 0,
                  column: 23,
                ),
                end_lc: LineColumn(
                  line: 0,
                  column: 25,
                ),
              ),
            )),
            span: Span(
              start: 21,
              end: 27,
              start_lc: LineColumn(
                line: 0,
                column: 21,
              ),
              end_lc: LineColumn(
                line: 0,
                column: 27,
              ),
            ),
          ),
          leading_comments: [],
          trailing_comments: [],
          span: Span(
            start: 0,
            end: 27,
            start_lc: LineColumn(
              line: 0,
              column: 0,
            ),
            end_lc: LineColumn(
              line: 0,
              column: 27,
            ),
          ),
        ),
        FunctionDeclaration(
          id: 30,
          visibility: Private,
          name: Expr(
            id: 10,
            kind: Path(Path(
              segments: [
                Ident(
                  name: "filter_map",
                  span: Span(
                    start: 31,
                    end: 41,
                    start_lc: LineColumn(
                      line: 1,
                      column: 4,
                    ),
                    end_lc: LineColumn(
                      line: 1,
                      column: 14,
                    ),
                  ),
                ),
              ],
              res: Unresolved,
              span: Span(
                start: 31,
                end: 41,
                start_lc: LineColumn(
                  line: 1,
                  column: 4,
                ),
                end_lc: LineColumn(
                  line: 1,
                  column: 14,
                ),
              ),
            )),
            leading_comments: [],
            trailing_comments: [],
            span: Span(
              start: 31,
              end: 41,
              start_lc: LineColumn(
                line: 1,
                column: 4,
              ),
              end_lc: LineColumn(
                line: 1,
                column: 14,
              ),
            ),
          ),
          type_params: [],
          parameters: [
            FunctionParameter(
              pattern: Pat(
                id: 14,
                kind: List([
                  Pat(
                    id: 11,
                    kind: Identifier(Ident(
                      name: "x",
                      span: Span(
                        start: 43,
                        end: 44,
                        start_lc: LineColumn(
                          line: 1,
                          column: 16,
                        ),
                        end_lc: LineColumn(
                          line: 1,
                          column: 17,
                        ),
                      ),
                    )),
                    leading_comments: [],
                    trailing_comments: [],
                    span: Span(
                      start: 43,
                      end: 44,
                      start_lc: LineColumn(
                        line: 1,
                        column: 16,
                      ),
                      end_lc: LineColumn(
                        line: 1,
                        column: 17,
                      ),
                    ),
                  ),
                  Pat(
                    id: 12,
                    kind: Rest(Pat(
                      id: 13,
                      kind: Identifier(Ident(
                        name: "xs",
                        span: Span(
                          start: 49,
                          end: 51,
                          start_lc: LineColumn(
                            line: 1,
                            column: 22,
                          ),
                          end_lc: LineColumn(
                            line: 1,
                            column: 24,
                          ),
                        ),
                      )),
                      leading_comments: [],
                      trailing_comments: [],
                      span: Span(
                        start: 49,
                        end: 51,
                        start_lc: LineColumn(
                          line: 1,
                          column: 22,
                        ),
                        end_lc: LineColumn(
                          line: 1,
                          column: 24,
                        ),
                      ),
                    )),
                    leading_comments: [],
                    trailing_comments: [],
                    span: Span(
                      start: 0,
                      end: 0,
                      start_lc: LineColumn(
                        line: 0,
                        column: 0,
                      ),
                      end_lc: LineColumn(
                        line: 0,
                        column: 0,
                      ),
                    ),
                  ),
                ]),
                leading_comments: [],
                trailing_comments: [],
                span: Span(
                  start: 42,
                  end: 52,
                  start_lc: LineColumn(
                    line: 1,
                    column: 15,
                  ),
                  end_lc: LineColumn(
                    line: 1,
                    column: 25,
                  ),
                ),
              ),
              type_annotation: None,
              span: Span(
                start: 42,
                end: 52,
                start_lc: LineColumn(
                  line: 1,
                  column: 15,
                ),
                end_lc: LineColumn(
                  line: 1,
                  column: 25,
                ),
              ),
            ),
            FunctionParameter(
              pattern: Pat(
                id: 15,
                kind: Identifier(Ident(
                  name: "f",
                  span: Span(
                    start: 54,
                    end: 55,
                    start_lc: LineColumn(
                      line: 1,
                      column: 27,
                    ),
                    end_lc: LineColumn(
                      line: 1,
                      column: 28,
                    ),
                  ),
                )),
                leading_comments: [],
                trailing_comments: [],
                span: Span(
                  start: 54,
                  end: 55,
                  start_lc: LineColumn(
                    line: 1,
                    column: 27,
                  ),
                  end_lc: LineColumn(
                    line: 1,
                    column: 28,
                  ),
                ),
              ),
              type_annotation: None,
              span: Span(
                start: 54,
                end: 55,
                start_lc: LineColumn(
                  line: 1,
                  column: 27,
                ),
                end_lc: LineColumn(
                  line: 1,
                  column: 28,
                ),
              ),
            ),
          ],
          params_span: Span(
            start: 41,
            end: 56,
            start_lc: LineColumn(
              line: 1,
              column: 14,
            ),
            end_lc: LineColumn(
              line: 1,
              column: 29,
            ),
          ),
          guard: Some(Expr(
            id: 20,
            kind: Let(Pat(
              id: 16,
              kind: Identifier(Ident(
                name: "y",
                span: Span(
                  start: 64,
                  end: 65,
                  start_lc: LineColumn(
                    line: 1,
                    column: 37,
                  ),
                  end_lc: LineColumn(
                    line: 1,
                    column: 38,
                  ),
                ),
              )),
              leading_comments: [],
              trailing_comments: [],
              span: Span(
                start: 64,
                end: 65,
                start_lc: LineColumn(
                  line: 1,
                  column: 37,
                ),
                end_lc: LineColumn(
                  line: 1,
                  column: 38,
                ),
              ),
            ), Expr(
              id: 19,
              kind: Call(CallExpression(
                callee: Expr(
                  id: 17,
                  kind: Path(Path(
                    segments: [
                      Ident(
                        name: "f",
                        span: Span(
                          start: 68,
                          end: 69,
                          start_lc: LineColumn(
                            line: 1,
                            column: 41,
                          ),
                          end_lc: LineColumn(
                            line: 1,
                            column: 42,
                          ),
                        ),
                      ),
                    ],
                    res: Unresolved,
                    span: Span(
                      start: 68,
                      end: 69,
                      start_lc: LineColumn(
                        line: 1,
                        column: 41,
                      ),
                      end_lc: LineColumn(
                        line: 1,
                        column: 42,
                      ),
                    ),
                  )),
                  leading_comments: [],
                  trailing_comments: [],
                  span: Span(
                    start: 68,
                    end: 69,
                    start_lc: LineColumn(
                      line: 1,
                      column: 41,
                    ),
                    end_lc: LineColumn(
                      line: 1,
                      column: 42,
                    ),
                  ),
                ),
                arguments: [
                  Expr(
                    id: 18,
                    kind: Path(Path(
                      segments: [
                        Ident(
                          name: "x",
                          span: Span(
                            start: 70,
                            end: 71,
                            start_lc: LineColumn(
                              line: 1,
                              column: 43,
                            ),
                            end_lc: LineColumn(
                              line: 1,
                              column: 44,
                            ),
                          ),
                        ),
                      ],
                      res: Unresolved,
                      span: Span(
                        start: 70,
                        end: 71,
                        start_lc: LineColumn(
                          line: 1,
                          column: 43,
                        ),
                        end_lc: LineColumn(
                          line: 1,
                          column: 44,
                        ),
                      ),
                    )),
                    leading_comments: [],
                    trailing_comments: [],
                    span: Span(
                      start: 70,
                      end: 71,
                      start_lc: LineColumn(
                        line: 1,
                        column: 43,
                      ),
                      end_lc: LineColumn(
                        line: 1,
                        column: 44,
                      ),
                    ),
                  ),
                ],
              )),
              leading_comments: [],
              trailing_comments: [],
              span: Span(
                start: 68,
                end: 72,
                start_lc: LineColumn(
                  line: 1,
                  column: 41,
                ),
                end_lc: LineColumn(
                  line: 1,
                  column: 45,
                ),
              ),
            )),
            leading_comments: [],
            trailing_comments: [],
            span: Span(
              start: 0,
              end: 0,
              start_lc: LineColumn(
                line: 0,
                column: 0,
              ),
              end_lc: LineColumn(
                line: 0,
                column: 0,
              ),
            ),
          )),
          return_type_annotation: None,
          body: Block(
            id: 29,
            statements: [],
            expression: Some(Expr(
              id: 28,
              kind: List([
                Expr(
                  id: 22,
                  kind: Path(Path(
                    segments: [
                      Ident(
                        name: "y",
                        span: Span(
                          start: 76,
                          end: 77,
                          start_lc: LineColumn(
                            line: 1,
                            column: 49,
                          ),
                          end_lc: LineColumn(
                            line: 1,
                            column: 50,
                          ),
                        ),
                      ),
                    ],
                    res: Unresolved,
                    span: Span(
                      start: 76,
                      end: 77,
                      start_lc: LineColumn(
                        line: 1,
                        column: 49,
                      ),
                      end_lc: LineColumn(
                        line: 1,
                        column: 50,
                      ),
                    ),
                  )),
                  leading_comments: [],
                  trailing_comments: [],
                  span: Span(
                    start: 76,
                    end: 77,
                    start_lc: LineColumn(
                      line: 1,
                      column: 49,
                    ),
                    end_lc: LineColumn(
                      line: 1,
                      column: 50,
                    ),
                  ),
                ),
                Expr(
                  id: 23,
                  kind: UnaryOp(Spread, Expr(
                    id: 27,
                    kind: Call(CallExpression(
                      callee: Expr(
                        id: 24,
                        kind: Path(Path(
                          segments: [
                            Ident(
                              name: "filter_map",
                              span: Span(
                                start: 82,
                                end: 92,
                                start_lc: LineColumn(
                                  line: 1,
                                  column: 55,
                                ),
                                end_lc: LineColumn(
                                  line: 1,
                                  column: 65,
                                ),
                              ),
                            ),
                          ],
                          res: Unresolved,
                          span: Span(
                            start: 82,
                            end: 92,
                            start_lc: LineColumn(
                              line: 1,
                              column: 55,
                            ),
                            end_lc: LineColumn(
                              line: 1,
                              column: 65,
                            ),
                          ),
                        )),
                        leading_comments: [],
                        trailing_comments: [],
                        span: Span(
                          start: 82,
                          end: 92,
                          start_lc: LineColumn(
                            line: 1,
                            column: 55,
                          ),
                          end_lc: LineColumn(
                            line: 1,
                            column: 65,
                          ),
                        ),
                      ),
                      arguments: [
                        Expr(
                          id: 25,
                          kind: Path(Path(
                            segments: [
                              Ident(
                                name: "xs",
                                span: Span(
                                  start: 93,
                                  end: 95,
                                  start_lc: LineColumn(
                                    line: 1,
                                    column: 66,
                                  ),
                                  end_lc: LineColumn(
                                    line: 1,
                                    column: 68,
                                  ),
                                ),
                              ),
                            ],
                            res: Unresolved,
                            span: Span(
                              start: 93,
                              end: 95,
                              start_lc: LineColumn(
                                line: 1,
                                column: 66,
                              ),
                              end_lc: LineColumn(
                                line: 1,
                                column: 68,
                              ),
                            ),
                          )),
                          leading_comments: [],
                          trailing_comments: [],
                          span: Span(
                            start: 93,
                            end: 95,
                            start_lc: LineColumn(
                              line: 1,
                              column: 66,
                            ),
                            end_lc: LineColumn(
                              line: 1,
                              column: 68,
                            ),
                          ),
                        ),
                        Expr(
                          id: 26,
                          kind: Path(Path(
                            segments: [
                              Ident(
                                name: "f",
                                span: Span(
                                  start: 97,
                                  end: 98,
                                  start_lc: LineColumn(
                                    line: 1,
                                    column: 70,
                                  ),
                                  end_lc: LineColumn(
                                    line: 1,
                                    column: 71,
                                  ),
                                ),
                              ),
                            ],
                            res: Unresolved,
                            span: Span(
                              start: 97,
                              end: 98,
                              start_lc: LineColumn(
                                line: 1,
                                column: 70,
                              ),
                              end_lc: LineColumn(
                                line: 1,
                                column: 71,
                              ),
                            ),
                          )),
                          leading_comments: [],
                          trailing_comments: [],
                          span: Span(
                            start: 97,
                            end: 98,
                            start_lc: LineColumn(
                              line: 1,
                              column: 70,
                            ),
                            end_lc: LineColumn(
                              line: 1,
                              column: 71,
                            ),
                          ),
                        ),
                      ],
                    )),
                    leading_comments: [],
                    trailing_comments: [],
                    span: Span(
                      start: 82,
                      end: 99,
                      start_lc: LineColumn(
                        line: 1,
                        column: 55,
                      ),
                      end_lc: LineColumn(
                        line: 1,
                        column: 72,
                      ),
                    ),
                  )),
                  leading_comments: [],
                  trailing_comments: [],
                  span: Span(
                    start: 0,
                    end: 0,
                    start_lc: LineColumn(
                      line: 0,
                      column: 0,
                    ),
                    end_lc: LineColumn(
                      line: 0,
                      column: 0,
                    ),
                  ),
                ),
              ]),
              leading_comments: [],
              trailing_comments: [],
              span: Span(
                start: 75,
                end: 100,
                start_lc: LineColumn(
                  line: 1,
                  column: 48,
                ),
                end_lc: LineColumn(
                  line: 1,
                  column: 73,
                ),
              ),
            )),
            span: Span(
              start: 73,
              end: 102,
              start_lc: LineColumn(
                line: 1,
                column: 46,
              ),
              end_lc: LineColumn(
                line: 1,
                column: 75,
              ),
            ),
          ),
          leading_comments: [],
          trailing_comments: [],
          span: Span(
            start: 28,
            end: 102,
            start_lc: LineColumn(
              line: 1,
              column: 1,
            ),
            end_lc: LineColumn(
              line: 1,
              column: 75,
            ),
          ),
        ),
        FunctionDeclaration(
          id: 44,
          visibility: Private,
          name: Expr(
            id: 31,
            kind: Path(Path(
              segments: [
                Ident(
                  name: "filter_map",
                  span: Span(
                    start: 106,
                    end: 116,
                    start_lc: LineColumn(
                      line: 2,
                      column: 4,
                    ),
                    end_lc: LineColumn(
                      line: 2,
                      column: 14,
                    ),
                  ),
                ),
              ],
              res: Unresolved,
              span: Span(
                start: 106,
                end: 116,
                start_lc: LineColumn(
                  line: 2,
                  column: 4,
                ),
                end_lc: LineColumn(
                  line: 2,
                  column: 14,
                ),
              ),
            )),
            leading_comments: [],
            trailing_comments: [],
            span: Span(
              start: 106,
              end: 116,
              start_lc: LineColumn(
                line: 2,
                column: 4,
              ),
              end_lc: LineColumn(
                line: 2,
                column: 14,
              ),
            ),
          ),
          type_params: [],
          parameters: [
            FunctionParameter(
              pattern: Pat(
                id: 35,
                kind: List([
                  Pat(
                    id: 32,
                    kind: Identifier(Ident(
                      name: "x",
                      span: Span(
                        start: 118,
                        end: 119,
                        start_lc: LineColumn(
                          line: 2,
                          column: 16,
                        ),
                        end_lc: LineColumn(
                          line: 2,
                          column: 17,
                        ),
                      ),
                    )),
                    leading_comments: [],
                    trailing_comments: [],
                    span: Span(
                      start: 118,
                      end: 119,
                      start_lc: LineColumn(
                        line: 2,
                        column: 16,
                      ),
                      end_lc: LineColumn(
                        line: 2,
                        column: 17,
                      ),
                    ),
                  ),
                  Pat(
                    id: 33,
                    kind: Rest(Pat(
                      id: 34,
                      kind: Identifier(Ident(
                        name: "xs",
                        span: Span(
                          start: 124,
                          end: 126,
                          start_lc: LineColumn(
                            line: 2,
                            column: 22,
                          ),
                          end_lc: LineColumn(
                            line: 2,
                            column: 24,
                          ),
                        ),
                      )),
                      leading_comments: [],
                      trailing_comments: [],
                      span: Span(
                        start: 124,
                        end: 126,
                        start_lc: LineColumn(
                          line: 2,
                          column: 22,
                        ),
                        end_lc: LineColumn(
                          line: 2,
                          column: 24,
                        ),
                      ),
                    )),
                    leading_comments: [],
                    trailing_comments: [],
                    span: Span(
                      start: 0,
                      end: 0,
                      start_lc: LineColumn(
                        line: 0,
                        column: 0,
                      ),
                      end_lc: LineColumn(
                        line: 0,
                        column: 0,
                      ),
                    ),
                  ),
                ]),
                leading_comments: [],
                trailing_comments: [],
                span: Span(
                  start: 117,
                  end: 127,
                  start_lc: LineColumn(
                    line: 2,
                    column: 15,
                  ),
                  end_lc: LineColumn(
                    line: 2,
                    column: 25,
                  ),
                ),
              ),
              type_annotation: None,
              span: Span(
                start: 117,
                end: 127,
                start_lc: LineColumn(
                  line: 2,
                  column: 15,
                ),
                end_lc: LineColumn(
                  line: 2,
                  column: 25,
                ),
              ),
            ),
            FunctionParameter(
              pattern: Pat(
                id: 36,
                kind: Identifier(Ident(
                  name: "f",
                  span: Span(
                    start: 129,
                    end: 130,
                    start_lc: LineColumn(
                      line: 2,
                      column: 27,
                    ),
                    end_lc: LineColumn(
                      line: 2,
                      column: 28,
                    ),
                  ),
                )),
                leading_comments: [],
                trailing_comments: [],
                span: Span(
                  start: 129,
                  end: 130,
                  start_lc: LineColumn(
                    line: 2,
                    column: 27,
                  ),
                  end_lc: LineColumn(
                    line: 2,
                    column: 28,
                  ),
                ),
              ),
              type_annotation: None,
              span: Span(
                start: 129,
                end: 130,
                start_lc: LineColumn(
                  line: 2,
                  column: 27,
                ),
                end_lc: LineColumn(
                  line: 2,
                  column: 28,
                ),
              ),
            ),
          ],
          params_span: Span(
            start: 116,
            end: 131,
            start_lc: LineColumn(
              line: 2,
              column: 14,
            ),
            end_lc: LineColumn(
              line: 2,
              column: 29,
            ),
          ),
          guard: None,
          return_type_annotation: None,
          body: Block(
            id: 43,
            statements: [],
            expression: Some(Expr(
              id: 42,
              kind: RecursiveCall(CallExpression(
                callee: Expr(
                  id: 38,
                  kind: Path(Path(
                    segments: [
                      Ident(
                        name: "filter_map",
                        span: Span(
                          start: 138,
                          end: 148,
                          start_lc: LineColumn(
                            line: 2,
                            column: 36,
                          ),
                          end_lc: LineColumn(
                            line: 2,
                            column: 46,
                          ),
                        ),
                      ),
                    ],
                    res: Unresolved,
                    span: Span(
                      start: 138,
                      end: 148,
                      start_lc: LineColumn(
                        line: 2,
                        column: 36,
                      ),
                      end_lc: LineColumn(
                        line: 2,
                        column: 46,
                      ),
                    ),
                  )),
                  leading_comments: [],
                  trailing_comments: [],
                  span: Span(
                    start: 138,
                    end: 148,
                    start_lc: LineColumn(
                      line: 2,
                      column: 36,
                    ),
                    end_lc: LineColumn(
                      line: 2,
                      column: 46,
                    ),
                  ),
                ),
                arguments: [
                  Expr(
                    id: 39,
                    kind: Path(Path(
                      segments: [
                        Ident(
                          name: "xs",
                          span: Span(
                            start: 149,
                            end: 151,
                            start_lc: LineColumn(
                              line: 2,
                              column: 47,
                            ),
                            end_lc: LineColumn(
                              line: 2,
                              column: 49,
                            ),
                          ),
                        ),
                      ],
                      res: Unresolved,
                      span: Span(
                        start: 149,
                        end: 151,
                        start_lc: LineColumn(
                          line: 2,
                          column: 47,
                        ),
                        end_lc: LineColumn(
                          line: 2,
                          column: 49,
                        ),
                      ),
                    )),
                    leading_comments: [],
                    trailing_comments: [],
                    span: Span(
                      start: 149,
                      end: 151,
                      start_lc: LineColumn(
                        line: 2,
                        column: 47,
                      ),
                      end_lc: LineColumn(
                        line: 2,
                        column: 49,
                      ),
                    ),
                  ),
                  Expr(
                    id: 40,
                    kind: Path(Path(
                      segments: [
                        Ident(
                          name: "f",
                          span: Span(
                            start: 153,
                            end: 154,
                            start_lc: LineColumn(
                              line: 2,
                              column: 51,
                            ),
                            end_lc: LineColumn(
                              line: 2,
                              column: 52,
                            ),
                          ),
                        ),
                      ],
                      res: Unresolved,
                      span: Span(
                        start: 153,
                        end: 154,
                        start_lc: LineColumn(
                          line: 2,
                          column: 51,
                        ),
                        end_lc: LineColumn(
                          line: 2,
                          column: 52,
                        ),
                      ),
                    )),
                    leading_comments: [],
                    trailing_comments: [],
                    span: Span(
                      start: 153,
                      end: 154,
                      start_lc: LineColumn(
                        line: 2,
                        column: 51,
                      ),
                      end_lc: LineColumn(
                        line: 2,
                        column: 52,
                      ),
                    ),
                  ),
                ],
              )),
              leading_comments: [],
              trailing_comments: [],
              span: Span(
                start: 134,
                end: 155,
                start_lc: LineColumn(
                  line: 2,
                  column: 32,
                ),
                end_lc: LineColumn(
                  line: 2,
                  column: 53,
                ),
              ),
            )),
            span: Span(
              start: 132,
              end: 157,
              start_lc: LineColumn(
                line: 2,
                column: 30,
              ),
              end_lc: LineColumn(
                line: 2,
                column: 55,
              ),
            ),
          ),
          leading_comments: [],
          trailing_comments: [],
          span: Span(
            start: 103,
            end: 157,
            start_lc: LineColumn(
              line: 2,
              column: 1,
            ),
            end_lc: LineColumn(
              line: 2,
              column: 55,
            ),
          ),
        ),
      ]),
      span: Span(
        start: 0,
        end: 157,
        start_lc: LineColumn(
          line: 0,
          column: 0,
        ),
        end_lc: LineColumn(
          line: 2,
          column: 55,
        ),
      ),
      leading_comments: [],
      trailing_comments: [],
    ),
  ],
  span: Span(
    start: 0,
    end: 157,
    start_lc: LineColumn(
      line: 0,
      column: 0,
    ),
    end_lc: LineColumn(
      line: 2,
      column: 55,
    ),
  ),
)
