---
source: crates/tlang_parser/tests/parser_enum.rs
expression: "parse!\n(indoc!\n{\n    \"\n        enum Option {\n            Some(value),\n            None,\n        }\n\n        fn unwrap(Option::None) { panic(\\\"Cannot unwrap None\\\") }\n        fn unwrap(Option::Some(value)) { value }\n    \"\n})"
---
Module(
  statements: [
    Stmt(
      kind: EnumDeclaration(EnumDeclaration(
        id: SymbolId(1),
        name: Ident(
          name: "Option",
          span: Span(
            start: LineColumn(
              line: 0,
              column: 5,
            ),
            end: LineColumn(
              line: 0,
              column: 11,
            ),
          ),
        ),
        variants: [
          EnumVariant(
            name: Ident(
              name: "Some",
              span: Span(
                start: LineColumn(
                  line: 1,
                  column: 5,
                ),
                end: LineColumn(
                  line: 1,
                  column: 9,
                ),
              ),
            ),
            named_fields: false,
            parameters: [
              Ident(
                name: "value",
                span: Span(
                  start: LineColumn(
                    line: 1,
                    column: 10,
                  ),
                  end: LineColumn(
                    line: 1,
                    column: 15,
                  ),
                ),
              ),
            ],
            span: Span(
              start: LineColumn(
                line: 1,
                column: 5,
              ),
              end: LineColumn(
                line: 1,
                column: 16,
              ),
            ),
          ),
          EnumVariant(
            name: Ident(
              name: "None",
              span: Span(
                start: LineColumn(
                  line: 2,
                  column: 5,
                ),
                end: LineColumn(
                  line: 2,
                  column: 9,
                ),
              ),
            ),
            named_fields: false,
            parameters: [],
            span: Span(
              start: LineColumn(
                line: 2,
                column: 5,
              ),
              end: LineColumn(
                line: 2,
                column: 9,
              ),
            ),
          ),
        ],
      )),
      span: Span(
        start: LineColumn(
          line: 0,
          column: 0,
        ),
        end: LineColumn(
          line: 3,
          column: 2,
        ),
      ),
      leading_comments: [],
      trailing_comments: [],
      symbol_table: None,
    ),
    Stmt(
      kind: FunctionDeclarations([
        FunctionDeclaration(
          id: SymbolId(2),
          name: Expr(
            kind: Path(Path(
              segments: [
                Ident(
                  name: "unwrap",
                  span: Span(
                    start: LineColumn(
                      line: 5,
                      column: 4,
                    ),
                    end: LineColumn(
                      line: 5,
                      column: 10,
                    ),
                  ),
                ),
              ],
              span: Span(
                start: LineColumn(
                  line: 5,
                  column: 4,
                ),
                end: LineColumn(
                  line: 5,
                  column: 10,
                ),
              ),
            )),
            leading_comments: [],
            trailing_comments: [],
            symbol_table: None,
            span: Span(
              start: LineColumn(
                line: 5,
                column: 4,
              ),
              end: LineColumn(
                line: 5,
                column: 10,
              ),
            ),
          ),
          parameters: [
            FunctionParameter(
              pattern: Pattern(
                kind: Enum(EnumPattern(
                  identifier: Expr(
                    kind: Path(Path(
                      segments: [
                        Ident(
                          name: "Option",
                          span: Span(
                            start: LineColumn(
                              line: 5,
                              column: 11,
                            ),
                            end: LineColumn(
                              line: 5,
                              column: 17,
                            ),
                          ),
                        ),
                        Ident(
                          name: "None",
                          span: Span(
                            start: LineColumn(
                              line: 5,
                              column: 19,
                            ),
                            end: LineColumn(
                              line: 5,
                              column: 23,
                            ),
                          ),
                        ),
                      ],
                      span: Span(
                        start: LineColumn(
                          line: 5,
                          column: 11,
                        ),
                        end: LineColumn(
                          line: 5,
                          column: 23,
                        ),
                      ),
                    )),
                    leading_comments: [],
                    trailing_comments: [],
                    symbol_table: None,
                    span: Span(
                      start: LineColumn(
                        line: 5,
                        column: 11,
                      ),
                      end: LineColumn(
                        line: 5,
                        column: 23,
                      ),
                    ),
                  ),
                  elements: [],
                  named_fields: false,
                )),
                span: Span(
                  start: LineColumn(
                    line: 5,
                    column: 11,
                  ),
                  end: LineColumn(
                    line: 5,
                    column: 23,
                  ),
                ),
              ),
              type_annotation: None,
              span: Span(
                start: LineColumn(
                  line: 5,
                  column: 11,
                ),
                end: LineColumn(
                  line: 5,
                  column: 23,
                ),
              ),
            ),
          ],
          guard: None,
          return_type_annotation: None,
          body: Block(
            statements: [],
            expression: Some(Expr(
              kind: Call(CallExpression(
                callee: Expr(
                  kind: Path(Path(
                    segments: [
                      Ident(
                        name: "panic",
                        span: Span(
                          start: LineColumn(
                            line: 5,
                            column: 27,
                          ),
                          end: LineColumn(
                            line: 5,
                            column: 32,
                          ),
                        ),
                      ),
                    ],
                    span: Span(
                      start: LineColumn(
                        line: 5,
                        column: 27,
                      ),
                      end: LineColumn(
                        line: 5,
                        column: 32,
                      ),
                    ),
                  )),
                  leading_comments: [],
                  trailing_comments: [],
                  symbol_table: None,
                  span: Span(
                    start: LineColumn(
                      line: 5,
                      column: 27,
                    ),
                    end: LineColumn(
                      line: 5,
                      column: 32,
                    ),
                  ),
                ),
                arguments: [
                  Expr(
                    kind: Literal(String("Cannot unwrap None")),
                    leading_comments: [],
                    trailing_comments: [],
                    symbol_table: None,
                    span: Span(
                      start: LineColumn(
                        line: 5,
                        column: 33,
                      ),
                      end: LineColumn(
                        line: 5,
                        column: 53,
                      ),
                    ),
                  ),
                ],
              )),
              leading_comments: [],
              trailing_comments: [],
              symbol_table: None,
              span: Span(
                start: LineColumn(
                  line: 5,
                  column: 27,
                ),
                end: LineColumn(
                  line: 5,
                  column: 54,
                ),
              ),
            )),
            span: Span(
              start: LineColumn(
                line: 5,
                column: 25,
              ),
              end: LineColumn(
                line: 5,
                column: 56,
              ),
            ),
            symbol_table: None,
          ),
          leading_comments: [],
          trailing_comments: [],
          symbol_table: None,
          span: Span(
            start: LineColumn(
              line: 5,
              column: 1,
            ),
            end: LineColumn(
              line: 5,
              column: 56,
            ),
          ),
        ),
        FunctionDeclaration(
          id: SymbolId(2),
          name: Expr(
            kind: Path(Path(
              segments: [
                Ident(
                  name: "unwrap",
                  span: Span(
                    start: LineColumn(
                      line: 6,
                      column: 4,
                    ),
                    end: LineColumn(
                      line: 6,
                      column: 10,
                    ),
                  ),
                ),
              ],
              span: Span(
                start: LineColumn(
                  line: 6,
                  column: 4,
                ),
                end: LineColumn(
                  line: 6,
                  column: 10,
                ),
              ),
            )),
            leading_comments: [],
            trailing_comments: [],
            symbol_table: None,
            span: Span(
              start: LineColumn(
                line: 6,
                column: 4,
              ),
              end: LineColumn(
                line: 6,
                column: 10,
              ),
            ),
          ),
          parameters: [
            FunctionParameter(
              pattern: Pattern(
                kind: Enum(EnumPattern(
                  identifier: Expr(
                    kind: Path(Path(
                      segments: [
                        Ident(
                          name: "Option",
                          span: Span(
                            start: LineColumn(
                              line: 6,
                              column: 11,
                            ),
                            end: LineColumn(
                              line: 6,
                              column: 17,
                            ),
                          ),
                        ),
                        Ident(
                          name: "Some",
                          span: Span(
                            start: LineColumn(
                              line: 6,
                              column: 19,
                            ),
                            end: LineColumn(
                              line: 6,
                              column: 23,
                            ),
                          ),
                        ),
                      ],
                      span: Span(
                        start: LineColumn(
                          line: 6,
                          column: 11,
                        ),
                        end: LineColumn(
                          line: 6,
                          column: 23,
                        ),
                      ),
                    )),
                    leading_comments: [],
                    trailing_comments: [],
                    symbol_table: None,
                    span: Span(
                      start: LineColumn(
                        line: 6,
                        column: 11,
                      ),
                      end: LineColumn(
                        line: 6,
                        column: 23,
                      ),
                    ),
                  ),
                  elements: [
                    Pattern(
                      kind: Identifier(IdentifierPattern(
                        id: SymbolId(3),
                        name: Ident(
                          name: "value",
                          span: Span(
                            start: LineColumn(
                              line: 6,
                              column: 24,
                            ),
                            end: LineColumn(
                              line: 6,
                              column: 29,
                            ),
                          ),
                        ),
                      )),
                      span: Span(
                        start: LineColumn(
                          line: 6,
                          column: 24,
                        ),
                        end: LineColumn(
                          line: 6,
                          column: 29,
                        ),
                      ),
                    ),
                  ],
                  named_fields: false,
                )),
                span: Span(
                  start: LineColumn(
                    line: 6,
                    column: 11,
                  ),
                  end: LineColumn(
                    line: 6,
                    column: 30,
                  ),
                ),
              ),
              type_annotation: None,
              span: Span(
                start: LineColumn(
                  line: 6,
                  column: 11,
                ),
                end: LineColumn(
                  line: 6,
                  column: 30,
                ),
              ),
            ),
          ],
          guard: None,
          return_type_annotation: None,
          body: Block(
            statements: [],
            expression: Some(Expr(
              kind: Path(Path(
                segments: [
                  Ident(
                    name: "value",
                    span: Span(
                      start: LineColumn(
                        line: 6,
                        column: 34,
                      ),
                      end: LineColumn(
                        line: 6,
                        column: 39,
                      ),
                    ),
                  ),
                ],
                span: Span(
                  start: LineColumn(
                    line: 6,
                    column: 34,
                  ),
                  end: LineColumn(
                    line: 6,
                    column: 39,
                  ),
                ),
              )),
              leading_comments: [],
              trailing_comments: [],
              symbol_table: None,
              span: Span(
                start: LineColumn(
                  line: 6,
                  column: 34,
                ),
                end: LineColumn(
                  line: 6,
                  column: 39,
                ),
              ),
            )),
            span: Span(
              start: LineColumn(
                line: 6,
                column: 32,
              ),
              end: LineColumn(
                line: 6,
                column: 41,
              ),
            ),
            symbol_table: None,
          ),
          leading_comments: [],
          trailing_comments: [],
          symbol_table: None,
          span: Span(
            start: LineColumn(
              line: 6,
              column: 1,
            ),
            end: LineColumn(
              line: 6,
              column: 41,
            ),
          ),
        ),
      ]),
      span: Span(
        start: LineColumn(
          line: 5,
          column: 1,
        ),
        end: LineColumn(
          line: 6,
          column: 41,
        ),
      ),
      leading_comments: [],
      trailing_comments: [],
      symbol_table: None,
    ),
  ],
  symbol_table: None,
  span: Span(
    start: LineColumn(
      line: 0,
      column: 0,
    ),
    end: LineColumn(
      line: 0,
      column: 0,
    ),
  ),
)
