---
source: crates/tlang_parser/tests/parser_types.rs
expression: "parse! (\"let expr = fn foo() -> i64 { 1 };\")"
---
Module(
  id: NodeId(1),
  statements: [
    Stmt(
      id: NodeId(10),
      kind: Let(LetDeclaration(
        pattern: Pat(
          id: NodeId(2),
          kind: Identifier(Ident(
            name: "expr",
            span: Span(
              start: LineColumn(
                index: 4,
                line: 0,
                column: 4,
              ),
              end: LineColumn(
                index: 8,
                line: 0,
                column: 8,
              ),
            ),
          )),
          leading_comments: [],
          trailing_comments: [],
          span: Span(
            start: LineColumn(
              index: 4,
              line: 0,
              column: 4,
            ),
            end: LineColumn(
              index: 8,
              line: 0,
              column: 8,
            ),
          ),
        ),
        expression: Expr(
          id: NodeId(8),
          kind: FunctionExpression(FunctionDeclaration(
            id: NodeId(9),
            name: Expr(
              id: NodeId(3),
              kind: Path(Path(
                segments: [
                  Ident(
                    name: "foo",
                    span: Span(
                      start: LineColumn(
                        index: 14,
                        line: 0,
                        column: 14,
                      ),
                      end: LineColumn(
                        index: 17,
                        line: 0,
                        column: 17,
                      ),
                    ),
                  ),
                ],
                span: Span(
                  start: LineColumn(
                    index: 14,
                    line: 0,
                    column: 14,
                  ),
                  end: LineColumn(
                    index: 17,
                    line: 0,
                    column: 17,
                  ),
                ),
              )),
              leading_comments: [],
              trailing_comments: [],
              span: Span(
                start: LineColumn(
                  index: 14,
                  line: 0,
                  column: 14,
                ),
                end: LineColumn(
                  index: 17,
                  line: 0,
                  column: 17,
                ),
              ),
            ),
            parameters: [],
            guard: None,
            return_type_annotation: Some(Ty(
              id: NodeId(4),
              name: Path(
                segments: [
                  Ident(
                    name: "i64",
                    span: Span(
                      start: LineColumn(
                        index: 23,
                        line: 0,
                        column: 23,
                      ),
                      end: LineColumn(
                        index: 26,
                        line: 0,
                        column: 26,
                      ),
                    ),
                  ),
                ],
                span: Span(
                  start: LineColumn(
                    index: 23,
                    line: 0,
                    column: 23,
                  ),
                  end: LineColumn(
                    index: 26,
                    line: 0,
                    column: 26,
                  ),
                ),
              ),
              parameters: [],
              span: Span(
                start: LineColumn(
                  index: 0,
                  line: 0,
                  column: 0,
                ),
                end: LineColumn(
                  index: 0,
                  line: 0,
                  column: 0,
                ),
              ),
            )),
            body: Block(
              id: NodeId(7),
              statements: [],
              expression: Some(Expr(
                id: NodeId(6),
                kind: Literal(UnsignedInteger(1)),
                leading_comments: [],
                trailing_comments: [],
                span: Span(
                  start: LineColumn(
                    index: 29,
                    line: 0,
                    column: 29,
                  ),
                  end: LineColumn(
                    index: 30,
                    line: 0,
                    column: 30,
                  ),
                ),
              )),
              span: Span(
                start: LineColumn(
                  index: 27,
                  line: 0,
                  column: 27,
                ),
                end: LineColumn(
                  index: 32,
                  line: 0,
                  column: 32,
                ),
              ),
            ),
            leading_comments: [],
            trailing_comments: [],
            span: Span(
              start: LineColumn(
                index: 11,
                line: 0,
                column: 11,
              ),
              end: LineColumn(
                index: 32,
                line: 0,
                column: 32,
              ),
            ),
          )),
          leading_comments: [],
          trailing_comments: [],
          span: Span(
            start: LineColumn(
              index: 11,
              line: 0,
              column: 11,
            ),
            end: LineColumn(
              index: 32,
              line: 0,
              column: 32,
            ),
          ),
        ),
        type_annotation: None,
      )),
      span: Span(
        start: LineColumn(
          index: 0,
          line: 0,
          column: 0,
        ),
        end: LineColumn(
          index: 33,
          line: 0,
          column: 33,
        ),
      ),
      leading_comments: [],
      trailing_comments: [],
    ),
  ],
  span: Span(
    start: LineColumn(
      index: 0,
      line: 0,
      column: 0,
    ),
    end: LineColumn(
      index: 0,
      line: 0,
      column: 0,
    ),
  ),
)
