---
source: crates/tlang_parser/tests/parser.rs
expression: "parse!(\"foo.bar.baz;\")"
---
Node(
  ast_node: Legacy(Module([
    Node(
      ast_node: Legacy(ExpressionStatement(Node(
        ast_node: Legacy(FieldExpression(
          base: Node(
            ast_node: Legacy(FieldExpression(
              base: Node(
                ast_node: Legacy(Identifier("foo")),
                symbol_table: None,
                span: Span(
                  start: LineColumn(
                    line: 0,
                    column: 0,
                  ),
                  end: LineColumn(
                    line: 0,
                    column: 3,
                  ),
                ),
              ),
              field: Node(
                ast_node: Legacy(Identifier("bar")),
                symbol_table: None,
                span: Span(
                  start: LineColumn(
                    line: 0,
                    column: 0,
                  ),
                  end: LineColumn(
                    line: 0,
                    column: 0,
                  ),
                ),
              ),
            )),
            symbol_table: None,
            span: Span(
              start: LineColumn(
                line: 0,
                column: 0,
              ),
              end: LineColumn(
                line: 0,
                column: 0,
              ),
            ),
          ),
          field: Node(
            ast_node: Legacy(Identifier("baz")),
            symbol_table: None,
            span: Span(
              start: LineColumn(
                line: 0,
                column: 0,
              ),
              end: LineColumn(
                line: 0,
                column: 0,
              ),
            ),
          ),
        )),
        symbol_table: None,
        span: Span(
          start: LineColumn(
            line: 0,
            column: 0,
          ),
          end: LineColumn(
            line: 0,
            column: 11,
          ),
        ),
      ))),
      symbol_table: None,
      span: Span(
        start: LineColumn(
          line: 0,
          column: 0,
        ),
        end: LineColumn(
          line: 0,
          column: 12,
        ),
      ),
    ),
  ])),
  symbol_table: None,
  span: Span(
    start: LineColumn(
      line: 0,
      column: 0,
    ),
    end: LineColumn(
      line: 0,
      column: 0,
    ),
  ),
)
