---
source: crates/tlang_parser/tests/parser.rs
expression: "parse! (\"let x = match 1 { 1 => 2, 3 => 4, _ => 5 };\")"
---
Module(
  id: 2,
  statements: [
    Stmt(
      id: 15,
      kind: Let(LetDeclaration(
        pattern: Pat(
          id: 3,
          kind: Identifier(Ident(
            name: "x",
            span: Span(
              start: LineColumn(
                line: 0,
                column: 4,
              ),
              end: LineColumn(
                line: 0,
                column: 5,
              ),
            ),
          )),
          leading_comments: [],
          trailing_comments: [],
          span: Span(
            start: LineColumn(
              line: 0,
              column: 4,
            ),
            end: LineColumn(
              line: 0,
              column: 5,
            ),
          ),
        ),
        expression: Expr(
          id: 14,
          kind: Match(MatchExpression(
            expression: Expr(
              id: 4,
              kind: Literal(UnsignedInteger(1)),
              leading_comments: [],
              trailing_comments: [],
              span: Span(
                start: LineColumn(
                  line: 0,
                  column: 14,
                ),
                end: LineColumn(
                  line: 0,
                  column: 15,
                ),
              ),
            ),
            arms: [
              MatchArm(
                id: 7,
                pattern: Pat(
                  id: 5,
                  kind: Literal(UnsignedInteger(1)),
                  leading_comments: [],
                  trailing_comments: [],
                  span: Span(
                    start: LineColumn(
                      line: 0,
                      column: 18,
                    ),
                    end: LineColumn(
                      line: 0,
                      column: 19,
                    ),
                  ),
                ),
                guard: None,
                expression: Expr(
                  id: 6,
                  kind: Literal(UnsignedInteger(2)),
                  leading_comments: [],
                  trailing_comments: [],
                  span: Span(
                    start: LineColumn(
                      line: 0,
                      column: 23,
                    ),
                    end: LineColumn(
                      line: 0,
                      column: 24,
                    ),
                  ),
                ),
              ),
              MatchArm(
                id: 10,
                pattern: Pat(
                  id: 8,
                  kind: Literal(UnsignedInteger(3)),
                  leading_comments: [],
                  trailing_comments: [],
                  span: Span(
                    start: LineColumn(
                      line: 0,
                      column: 26,
                    ),
                    end: LineColumn(
                      line: 0,
                      column: 27,
                    ),
                  ),
                ),
                guard: None,
                expression: Expr(
                  id: 9,
                  kind: Literal(UnsignedInteger(4)),
                  leading_comments: [],
                  trailing_comments: [],
                  span: Span(
                    start: LineColumn(
                      line: 0,
                      column: 31,
                    ),
                    end: LineColumn(
                      line: 0,
                      column: 32,
                    ),
                  ),
                ),
              ),
              MatchArm(
                id: 13,
                pattern: Pat(
                  id: 11,
                  kind: Wildcard,
                  leading_comments: [],
                  trailing_comments: [],
                  span: Span(
                    start: LineColumn(
                      line: 0,
                      column: 34,
                    ),
                    end: LineColumn(
                      line: 0,
                      column: 35,
                    ),
                  ),
                ),
                guard: None,
                expression: Expr(
                  id: 12,
                  kind: Literal(UnsignedInteger(5)),
                  leading_comments: [],
                  trailing_comments: [],
                  span: Span(
                    start: LineColumn(
                      line: 0,
                      column: 39,
                    ),
                    end: LineColumn(
                      line: 0,
                      column: 40,
                    ),
                  ),
                ),
              ),
            ],
          )),
          leading_comments: [],
          trailing_comments: [],
          span: Span(
            start: LineColumn(
              line: 0,
              column: 8,
            ),
            end: LineColumn(
              line: 0,
              column: 42,
            ),
          ),
        ),
        type_annotation: None,
      )),
      span: Span(
        start: LineColumn(
          line: 0,
          column: 0,
        ),
        end: LineColumn(
          line: 0,
          column: 43,
        ),
      ),
      leading_comments: [],
      trailing_comments: [],
    ),
  ],
  span: Span(
    start: LineColumn(
      line: 0,
      column: 0,
    ),
    end: LineColumn(
      line: 0,
      column: 43,
    ),
  ),
)
