---
source: crates/tlang_parser/tests/parser_fn.rs
expression: "parse!\n(indoc!\n{\"\n        fn foldl([], acc, _) { acc }\n        fn foldl([x, ...xs], acc, f) { rec foldl(xs, f(acc, x), f) }\n    \"})"
---
Module(
  id: 1,
  statements: [
    Stmt(
      id: 29,
      kind: FunctionDeclarations([
        FunctionDeclaration(
          id: 9,
          name: Expr(
            id: 2,
            kind: Path(Path(
              segments: [
                Ident(
                  name: "foldl",
                  span: Span(
                    start: LineColumn(
                      line: 0,
                      column: 3,
                    ),
                    end: LineColumn(
                      line: 0,
                      column: 8,
                    ),
                  ),
                ),
              ],
              res: Res(
                node_id: None,
              ),
              span: Span(
                start: LineColumn(
                  line: 0,
                  column: 3,
                ),
                end: LineColumn(
                  line: 0,
                  column: 8,
                ),
              ),
            )),
            leading_comments: [],
            trailing_comments: [],
            span: Span(
              start: LineColumn(
                line: 0,
                column: 3,
              ),
              end: LineColumn(
                line: 0,
                column: 8,
              ),
            ),
          ),
          parameters: [
            FunctionParameter(
              pattern: Pat(
                id: 3,
                kind: List([]),
                leading_comments: [],
                trailing_comments: [],
                span: Span(
                  start: LineColumn(
                    line: 0,
                    column: 9,
                  ),
                  end: LineColumn(
                    line: 0,
                    column: 11,
                  ),
                ),
              ),
              type_annotation: None,
              span: Span(
                start: LineColumn(
                  line: 0,
                  column: 9,
                ),
                end: LineColumn(
                  line: 0,
                  column: 11,
                ),
              ),
            ),
            FunctionParameter(
              pattern: Pat(
                id: 4,
                kind: Identifier(Ident(
                  name: "acc",
                  span: Span(
                    start: LineColumn(
                      line: 0,
                      column: 13,
                    ),
                    end: LineColumn(
                      line: 0,
                      column: 16,
                    ),
                  ),
                )),
                leading_comments: [],
                trailing_comments: [],
                span: Span(
                  start: LineColumn(
                    line: 0,
                    column: 13,
                  ),
                  end: LineColumn(
                    line: 0,
                    column: 16,
                  ),
                ),
              ),
              type_annotation: None,
              span: Span(
                start: LineColumn(
                  line: 0,
                  column: 13,
                ),
                end: LineColumn(
                  line: 0,
                  column: 16,
                ),
              ),
            ),
            FunctionParameter(
              pattern: Pat(
                id: 5,
                kind: Wildcard,
                leading_comments: [],
                trailing_comments: [],
                span: Span(
                  start: LineColumn(
                    line: 0,
                    column: 18,
                  ),
                  end: LineColumn(
                    line: 0,
                    column: 19,
                  ),
                ),
              ),
              type_annotation: None,
              span: Span(
                start: LineColumn(
                  line: 0,
                  column: 18,
                ),
                end: LineColumn(
                  line: 0,
                  column: 19,
                ),
              ),
            ),
          ],
          guard: None,
          return_type_annotation: None,
          body: Block(
            id: 8,
            statements: [],
            expression: Some(Expr(
              id: 7,
              kind: Path(Path(
                segments: [
                  Ident(
                    name: "acc",
                    span: Span(
                      start: LineColumn(
                        line: 0,
                        column: 23,
                      ),
                      end: LineColumn(
                        line: 0,
                        column: 26,
                      ),
                    ),
                  ),
                ],
                res: Res(
                  node_id: None,
                ),
                span: Span(
                  start: LineColumn(
                    line: 0,
                    column: 23,
                  ),
                  end: LineColumn(
                    line: 0,
                    column: 26,
                  ),
                ),
              )),
              leading_comments: [],
              trailing_comments: [],
              span: Span(
                start: LineColumn(
                  line: 0,
                  column: 23,
                ),
                end: LineColumn(
                  line: 0,
                  column: 26,
                ),
              ),
            )),
            span: Span(
              start: LineColumn(
                line: 0,
                column: 21,
              ),
              end: LineColumn(
                line: 0,
                column: 28,
              ),
            ),
          ),
          leading_comments: [],
          trailing_comments: [],
          span: Span(
            start: LineColumn(
              line: 0,
              column: 0,
            ),
            end: LineColumn(
              line: 0,
              column: 28,
            ),
          ),
        ),
        FunctionDeclaration(
          id: 28,
          name: Expr(
            id: 10,
            kind: Path(Path(
              segments: [
                Ident(
                  name: "foldl",
                  span: Span(
                    start: LineColumn(
                      line: 1,
                      column: 4,
                    ),
                    end: LineColumn(
                      line: 1,
                      column: 9,
                    ),
                  ),
                ),
              ],
              res: Res(
                node_id: None,
              ),
              span: Span(
                start: LineColumn(
                  line: 1,
                  column: 4,
                ),
                end: LineColumn(
                  line: 1,
                  column: 9,
                ),
              ),
            )),
            leading_comments: [],
            trailing_comments: [],
            span: Span(
              start: LineColumn(
                line: 1,
                column: 4,
              ),
              end: LineColumn(
                line: 1,
                column: 9,
              ),
            ),
          ),
          parameters: [
            FunctionParameter(
              pattern: Pat(
                id: 14,
                kind: List([
                  Pat(
                    id: 11,
                    kind: Identifier(Ident(
                      name: "x",
                      span: Span(
                        start: LineColumn(
                          line: 1,
                          column: 11,
                        ),
                        end: LineColumn(
                          line: 1,
                          column: 12,
                        ),
                      ),
                    )),
                    leading_comments: [],
                    trailing_comments: [],
                    span: Span(
                      start: LineColumn(
                        line: 1,
                        column: 11,
                      ),
                      end: LineColumn(
                        line: 1,
                        column: 12,
                      ),
                    ),
                  ),
                  Pat(
                    id: 12,
                    kind: Rest(Pat(
                      id: 13,
                      kind: Identifier(Ident(
                        name: "xs",
                        span: Span(
                          start: LineColumn(
                            line: 1,
                            column: 17,
                          ),
                          end: LineColumn(
                            line: 1,
                            column: 19,
                          ),
                        ),
                      )),
                      leading_comments: [],
                      trailing_comments: [],
                      span: Span(
                        start: LineColumn(
                          line: 1,
                          column: 17,
                        ),
                        end: LineColumn(
                          line: 1,
                          column: 19,
                        ),
                      ),
                    )),
                    leading_comments: [],
                    trailing_comments: [],
                    span: Span(
                      start: LineColumn(
                        line: 0,
                        column: 0,
                      ),
                      end: LineColumn(
                        line: 0,
                        column: 0,
                      ),
                    ),
                  ),
                ]),
                leading_comments: [],
                trailing_comments: [],
                span: Span(
                  start: LineColumn(
                    line: 1,
                    column: 10,
                  ),
                  end: LineColumn(
                    line: 1,
                    column: 20,
                  ),
                ),
              ),
              type_annotation: None,
              span: Span(
                start: LineColumn(
                  line: 1,
                  column: 10,
                ),
                end: LineColumn(
                  line: 1,
                  column: 20,
                ),
              ),
            ),
            FunctionParameter(
              pattern: Pat(
                id: 15,
                kind: Identifier(Ident(
                  name: "acc",
                  span: Span(
                    start: LineColumn(
                      line: 1,
                      column: 22,
                    ),
                    end: LineColumn(
                      line: 1,
                      column: 25,
                    ),
                  ),
                )),
                leading_comments: [],
                trailing_comments: [],
                span: Span(
                  start: LineColumn(
                    line: 1,
                    column: 22,
                  ),
                  end: LineColumn(
                    line: 1,
                    column: 25,
                  ),
                ),
              ),
              type_annotation: None,
              span: Span(
                start: LineColumn(
                  line: 1,
                  column: 22,
                ),
                end: LineColumn(
                  line: 1,
                  column: 25,
                ),
              ),
            ),
            FunctionParameter(
              pattern: Pat(
                id: 16,
                kind: Identifier(Ident(
                  name: "f",
                  span: Span(
                    start: LineColumn(
                      line: 1,
                      column: 27,
                    ),
                    end: LineColumn(
                      line: 1,
                      column: 28,
                    ),
                  ),
                )),
                leading_comments: [],
                trailing_comments: [],
                span: Span(
                  start: LineColumn(
                    line: 1,
                    column: 27,
                  ),
                  end: LineColumn(
                    line: 1,
                    column: 28,
                  ),
                ),
              ),
              type_annotation: None,
              span: Span(
                start: LineColumn(
                  line: 1,
                  column: 27,
                ),
                end: LineColumn(
                  line: 1,
                  column: 28,
                ),
              ),
            ),
          ],
          guard: None,
          return_type_annotation: None,
          body: Block(
            id: 27,
            statements: [],
            expression: Some(Expr(
              id: 26,
              kind: RecursiveCall(CallExpression(
                callee: Expr(
                  id: 18,
                  kind: Path(Path(
                    segments: [
                      Ident(
                        name: "foldl",
                        span: Span(
                          start: LineColumn(
                            line: 1,
                            column: 36,
                          ),
                          end: LineColumn(
                            line: 1,
                            column: 41,
                          ),
                        ),
                      ),
                    ],
                    res: Res(
                      node_id: None,
                    ),
                    span: Span(
                      start: LineColumn(
                        line: 1,
                        column: 36,
                      ),
                      end: LineColumn(
                        line: 1,
                        column: 41,
                      ),
                    ),
                  )),
                  leading_comments: [],
                  trailing_comments: [],
                  span: Span(
                    start: LineColumn(
                      line: 1,
                      column: 36,
                    ),
                    end: LineColumn(
                      line: 1,
                      column: 41,
                    ),
                  ),
                ),
                arguments: [
                  Expr(
                    id: 19,
                    kind: Path(Path(
                      segments: [
                        Ident(
                          name: "xs",
                          span: Span(
                            start: LineColumn(
                              line: 1,
                              column: 42,
                            ),
                            end: LineColumn(
                              line: 1,
                              column: 44,
                            ),
                          ),
                        ),
                      ],
                      res: Res(
                        node_id: None,
                      ),
                      span: Span(
                        start: LineColumn(
                          line: 1,
                          column: 42,
                        ),
                        end: LineColumn(
                          line: 1,
                          column: 44,
                        ),
                      ),
                    )),
                    leading_comments: [],
                    trailing_comments: [],
                    span: Span(
                      start: LineColumn(
                        line: 1,
                        column: 42,
                      ),
                      end: LineColumn(
                        line: 1,
                        column: 44,
                      ),
                    ),
                  ),
                  Expr(
                    id: 23,
                    kind: Call(CallExpression(
                      callee: Expr(
                        id: 20,
                        kind: Path(Path(
                          segments: [
                            Ident(
                              name: "f",
                              span: Span(
                                start: LineColumn(
                                  line: 1,
                                  column: 46,
                                ),
                                end: LineColumn(
                                  line: 1,
                                  column: 47,
                                ),
                              ),
                            ),
                          ],
                          res: Res(
                            node_id: None,
                          ),
                          span: Span(
                            start: LineColumn(
                              line: 1,
                              column: 46,
                            ),
                            end: LineColumn(
                              line: 1,
                              column: 47,
                            ),
                          ),
                        )),
                        leading_comments: [],
                        trailing_comments: [],
                        span: Span(
                          start: LineColumn(
                            line: 1,
                            column: 46,
                          ),
                          end: LineColumn(
                            line: 1,
                            column: 47,
                          ),
                        ),
                      ),
                      arguments: [
                        Expr(
                          id: 21,
                          kind: Path(Path(
                            segments: [
                              Ident(
                                name: "acc",
                                span: Span(
                                  start: LineColumn(
                                    line: 1,
                                    column: 48,
                                  ),
                                  end: LineColumn(
                                    line: 1,
                                    column: 51,
                                  ),
                                ),
                              ),
                            ],
                            res: Res(
                              node_id: None,
                            ),
                            span: Span(
                              start: LineColumn(
                                line: 1,
                                column: 48,
                              ),
                              end: LineColumn(
                                line: 1,
                                column: 51,
                              ),
                            ),
                          )),
                          leading_comments: [],
                          trailing_comments: [],
                          span: Span(
                            start: LineColumn(
                              line: 1,
                              column: 48,
                            ),
                            end: LineColumn(
                              line: 1,
                              column: 51,
                            ),
                          ),
                        ),
                        Expr(
                          id: 22,
                          kind: Path(Path(
                            segments: [
                              Ident(
                                name: "x",
                                span: Span(
                                  start: LineColumn(
                                    line: 1,
                                    column: 53,
                                  ),
                                  end: LineColumn(
                                    line: 1,
                                    column: 54,
                                  ),
                                ),
                              ),
                            ],
                            res: Res(
                              node_id: None,
                            ),
                            span: Span(
                              start: LineColumn(
                                line: 1,
                                column: 53,
                              ),
                              end: LineColumn(
                                line: 1,
                                column: 54,
                              ),
                            ),
                          )),
                          leading_comments: [],
                          trailing_comments: [],
                          span: Span(
                            start: LineColumn(
                              line: 1,
                              column: 53,
                            ),
                            end: LineColumn(
                              line: 1,
                              column: 54,
                            ),
                          ),
                        ),
                      ],
                    )),
                    leading_comments: [],
                    trailing_comments: [],
                    span: Span(
                      start: LineColumn(
                        line: 1,
                        column: 46,
                      ),
                      end: LineColumn(
                        line: 1,
                        column: 55,
                      ),
                    ),
                  ),
                  Expr(
                    id: 24,
                    kind: Path(Path(
                      segments: [
                        Ident(
                          name: "f",
                          span: Span(
                            start: LineColumn(
                              line: 1,
                              column: 57,
                            ),
                            end: LineColumn(
                              line: 1,
                              column: 58,
                            ),
                          ),
                        ),
                      ],
                      res: Res(
                        node_id: None,
                      ),
                      span: Span(
                        start: LineColumn(
                          line: 1,
                          column: 57,
                        ),
                        end: LineColumn(
                          line: 1,
                          column: 58,
                        ),
                      ),
                    )),
                    leading_comments: [],
                    trailing_comments: [],
                    span: Span(
                      start: LineColumn(
                        line: 1,
                        column: 57,
                      ),
                      end: LineColumn(
                        line: 1,
                        column: 58,
                      ),
                    ),
                  ),
                ],
              )),
              leading_comments: [],
              trailing_comments: [],
              span: Span(
                start: LineColumn(
                  line: 1,
                  column: 32,
                ),
                end: LineColumn(
                  line: 1,
                  column: 59,
                ),
              ),
            )),
            span: Span(
              start: LineColumn(
                line: 1,
                column: 30,
              ),
              end: LineColumn(
                line: 1,
                column: 61,
              ),
            ),
          ),
          leading_comments: [],
          trailing_comments: [],
          span: Span(
            start: LineColumn(
              line: 1,
              column: 1,
            ),
            end: LineColumn(
              line: 1,
              column: 61,
            ),
          ),
        ),
      ]),
      span: Span(
        start: LineColumn(
          line: 0,
          column: 0,
        ),
        end: LineColumn(
          line: 1,
          column: 61,
        ),
      ),
      leading_comments: [],
      trailing_comments: [],
    ),
  ],
  span: Span(
    start: LineColumn(
      line: 0,
      column: 0,
    ),
    end: LineColumn(
      line: 0,
      column: 0,
    ),
  ),
)
