---
source: crates/tlang_parser/tests/parser.rs
expression: "parse! (\"let x = [1, 2, 3,];\")"
---
Module(
  id: NodeId(1),
  statements: [
    Stmt(
      id: NodeId(7),
      kind: Let(LetDeclaration(
        pattern: Pat(
          id: NodeId(2),
          kind: Identifier(Ident(
            name: "x",
            span: Span(
              start: LineColumn(
                line: 0,
                column: 4,
              ),
              end: LineColumn(
                line: 0,
                column: 5,
              ),
            ),
          )),
          leading_comments: [],
          trailing_comments: [],
          span: Span(
            start: LineColumn(
              line: 0,
              column: 4,
            ),
            end: LineColumn(
              line: 0,
              column: 5,
            ),
          ),
        ),
        expression: Expr(
          id: NodeId(6),
          kind: List([
            Expr(
              id: NodeId(3),
              kind: Literal(UnsignedInteger(1)),
              leading_comments: [],
              trailing_comments: [],
              span: Span(
                start: LineColumn(
                  line: 0,
                  column: 9,
                ),
                end: LineColumn(
                  line: 0,
                  column: 10,
                ),
              ),
            ),
            Expr(
              id: NodeId(4),
              kind: Literal(UnsignedInteger(2)),
              leading_comments: [],
              trailing_comments: [],
              span: Span(
                start: LineColumn(
                  line: 0,
                  column: 12,
                ),
                end: LineColumn(
                  line: 0,
                  column: 13,
                ),
              ),
            ),
            Expr(
              id: NodeId(5),
              kind: Literal(UnsignedInteger(3)),
              leading_comments: [],
              trailing_comments: [],
              span: Span(
                start: LineColumn(
                  line: 0,
                  column: 15,
                ),
                end: LineColumn(
                  line: 0,
                  column: 16,
                ),
              ),
            ),
          ]),
          leading_comments: [],
          trailing_comments: [],
          span: Span(
            start: LineColumn(
              line: 0,
              column: 8,
            ),
            end: LineColumn(
              line: 0,
              column: 18,
            ),
          ),
        ),
        type_annotation: None,
      )),
      span: Span(
        start: LineColumn(
          line: 0,
          column: 0,
        ),
        end: LineColumn(
          line: 0,
          column: 19,
        ),
      ),
      leading_comments: [],
      trailing_comments: [],
    ),
  ],
  span: Span(
    start: LineColumn(
      line: 0,
      column: 0,
    ),
    end: LineColumn(
      line: 0,
      column: 0,
    ),
  ),
)
