---
source: crates/tlang_parser/tests/parser_enum.rs
expression: "parse!(indoc! {\n        \"\n        enum Option {\n            Some(value),\n            None,\n        }\n\n        fn unwrap(Option::None) { panic(\\\"Cannot unwrap None\\\") }\n        fn unwrap(Option::Some(value)) { value }\n    \"\n    })"
---
Node(
  ast_node: Legacy(Module([
    Node(
      ast_node: Legacy(EnumDeclaration(
        id: SymbolId(1),
        name: "Option",
        variants: [
          Node(
            ast_node: Legacy(EnumVariant(
              name: "Some",
              named_fields: false,
              parameters: [
                Node(
                  ast_node: Legacy(Identifier("value")),
                  symbol_table: None,
                  span: Span(
                    start: LineColumn(
                      line: 1,
                      column: 10,
                    ),
                    end: LineColumn(
                      line: 1,
                      column: 15,
                    ),
                  ),
                ),
              ],
            )),
            symbol_table: None,
            span: Span(
              start: LineColumn(
                line: 1,
                column: 5,
              ),
              end: LineColumn(
                line: 1,
                column: 16,
              ),
            ),
          ),
          Node(
            ast_node: Legacy(EnumVariant(
              name: "None",
              named_fields: false,
              parameters: [],
            )),
            symbol_table: None,
            span: Span(
              start: LineColumn(
                line: 2,
                column: 5,
              ),
              end: LineColumn(
                line: 2,
                column: 9,
              ),
            ),
          ),
        ],
      )),
      symbol_table: None,
      span: Span(
        start: LineColumn(
          line: 0,
          column: 0,
        ),
        end: LineColumn(
          line: 3,
          column: 2,
        ),
      ),
    ),
    Node(
      ast_node: Legacy(FunctionDeclarations(
        id: SymbolId(5),
        name: Node(
          ast_node: Legacy(Identifier("unwrap")),
          symbol_table: None,
          span: Span(
            start: LineColumn(
              line: 6,
              column: 4,
            ),
            end: LineColumn(
              line: 6,
              column: 10,
            ),
          ),
        ),
        declarations: [
          Node(
            ast_node: Legacy(FunctionDeclaration(FunctionDeclaration(
              parameters: [
                Node(
                  ast_node: Legacy(FunctionParameter(
                    id: SymbolId(2),
                    pattern: Node(
                      ast_node: Legacy(EnumPattern(
                        identifier: Node(
                          ast_node: Legacy(NestedIdentifier([
                            "Option",
                            "None",
                          ])),
                          symbol_table: None,
                          span: Span(
                            start: LineColumn(
                              line: 5,
                              column: 11,
                            ),
                            end: LineColumn(
                              line: 5,
                              column: 23,
                            ),
                          ),
                        ),
                        elements: [],
                        named_fields: false,
                      )),
                      symbol_table: None,
                      span: Span(
                        start: LineColumn(
                          line: 5,
                          column: 11,
                        ),
                        end: LineColumn(
                          line: 5,
                          column: 23,
                        ),
                      ),
                    ),
                    type_annotation: None,
                  )),
                  symbol_table: None,
                  span: Span(
                    start: LineColumn(
                      line: 5,
                      column: 11,
                    ),
                    end: LineColumn(
                      line: 5,
                      column: 23,
                    ),
                  ),
                ),
              ],
              guard: None,
              return_type_annotation: None,
              body: Node(
                ast_node: Legacy(Block([], Some(Node(
                  ast_node: Legacy(Call(
                    function: Node(
                      ast_node: Legacy(Identifier("panic")),
                      symbol_table: None,
                      span: Span(
                        start: LineColumn(
                          line: 5,
                          column: 27,
                        ),
                        end: LineColumn(
                          line: 5,
                          column: 32,
                        ),
                      ),
                    ),
                    arguments: [
                      Node(
                        ast_node: Legacy(Literal(String("Cannot unwrap None"))),
                        symbol_table: None,
                        span: Span(
                          start: LineColumn(
                            line: 5,
                            column: 33,
                          ),
                          end: LineColumn(
                            line: 5,
                            column: 53,
                          ),
                        ),
                      ),
                    ],
                  )),
                  symbol_table: None,
                  span: Span(
                    start: LineColumn(
                      line: 5,
                      column: 27,
                    ),
                    end: LineColumn(
                      line: 5,
                      column: 54,
                    ),
                  ),
                )))),
                symbol_table: None,
                span: Span(
                  start: LineColumn(
                    line: 0,
                    column: 0,
                  ),
                  end: LineColumn(
                    line: 0,
                    column: 0,
                  ),
                ),
              ),
            ))),
            symbol_table: None,
            span: Span(
              start: LineColumn(
                line: 0,
                column: 0,
              ),
              end: LineColumn(
                line: 0,
                column: 0,
              ),
            ),
          ),
          Node(
            ast_node: Legacy(FunctionDeclaration(FunctionDeclaration(
              parameters: [
                Node(
                  ast_node: Legacy(FunctionParameter(
                    id: SymbolId(4),
                    pattern: Node(
                      ast_node: Legacy(EnumPattern(
                        identifier: Node(
                          ast_node: Legacy(NestedIdentifier([
                            "Option",
                            "Some",
                          ])),
                          symbol_table: None,
                          span: Span(
                            start: LineColumn(
                              line: 6,
                              column: 11,
                            ),
                            end: LineColumn(
                              line: 6,
                              column: 23,
                            ),
                          ),
                        ),
                        elements: [
                          Node(
                            ast_node: Legacy(IdentifierPattern(
                              id: SymbolId(3),
                              name: "value",
                            )),
                            symbol_table: None,
                            span: Span(
                              start: LineColumn(
                                line: 6,
                                column: 24,
                              ),
                              end: LineColumn(
                                line: 6,
                                column: 29,
                              ),
                            ),
                          ),
                        ],
                        named_fields: false,
                      )),
                      symbol_table: None,
                      span: Span(
                        start: LineColumn(
                          line: 6,
                          column: 11,
                        ),
                        end: LineColumn(
                          line: 6,
                          column: 30,
                        ),
                      ),
                    ),
                    type_annotation: None,
                  )),
                  symbol_table: None,
                  span: Span(
                    start: LineColumn(
                      line: 6,
                      column: 11,
                    ),
                    end: LineColumn(
                      line: 6,
                      column: 30,
                    ),
                  ),
                ),
              ],
              guard: None,
              return_type_annotation: None,
              body: Node(
                ast_node: Legacy(Block([], Some(Node(
                  ast_node: Legacy(Identifier("value")),
                  symbol_table: None,
                  span: Span(
                    start: LineColumn(
                      line: 6,
                      column: 34,
                    ),
                    end: LineColumn(
                      line: 6,
                      column: 39,
                    ),
                  ),
                )))),
                symbol_table: None,
                span: Span(
                  start: LineColumn(
                    line: 0,
                    column: 0,
                  ),
                  end: LineColumn(
                    line: 0,
                    column: 0,
                  ),
                ),
              ),
            ))),
            symbol_table: None,
            span: Span(
              start: LineColumn(
                line: 0,
                column: 0,
              ),
              end: LineColumn(
                line: 0,
                column: 0,
              ),
            ),
          ),
        ],
      )),
      symbol_table: None,
      span: Span(
        start: LineColumn(
          line: 5,
          column: 1,
        ),
        end: LineColumn(
          line: 6,
          column: 41,
        ),
      ),
    ),
  ])),
  symbol_table: None,
  span: Span(
    start: LineColumn(
      line: 0,
      column: 0,
    ),
    end: LineColumn(
      line: 0,
      column: 0,
    ),
  ),
)
