---
source: crates/tlang_parser/tests/parser_pipeline.rs
expression: "parse! (\"1 |> foo |> bar();\")"
---
Module(
  id: NodeId(1),
  statements: [
    Stmt(
      id: NodeId(2),
      kind: Expr(Expr(
        id: NodeId(8),
        kind: BinaryOp(BinaryOpExpression(
          op: Pipeline,
          lhs: Expr(
            id: NodeId(5),
            kind: BinaryOp(BinaryOpExpression(
              op: Pipeline,
              lhs: Expr(
                id: NodeId(3),
                kind: Literal(Integer(1)),
                leading_comments: [],
                trailing_comments: [],
                span: Span(
                  start: LineColumn(
                    line: 0,
                    column: 0,
                  ),
                  end: LineColumn(
                    line: 0,
                    column: 1,
                  ),
                ),
              ),
              rhs: Expr(
                id: NodeId(4),
                kind: Path(Path(
                  segments: [
                    Ident(
                      name: "foo",
                      span: Span(
                        start: LineColumn(
                          line: 0,
                          column: 5,
                        ),
                        end: LineColumn(
                          line: 0,
                          column: 8,
                        ),
                      ),
                    ),
                  ],
                  span: Span(
                    start: LineColumn(
                      line: 0,
                      column: 5,
                    ),
                    end: LineColumn(
                      line: 0,
                      column: 8,
                    ),
                  ),
                )),
                leading_comments: [],
                trailing_comments: [],
                span: Span(
                  start: LineColumn(
                    line: 0,
                    column: 5,
                  ),
                  end: LineColumn(
                    line: 0,
                    column: 8,
                  ),
                ),
              ),
            )),
            leading_comments: [],
            trailing_comments: [],
            span: Span(
              start: LineColumn(
                line: 0,
                column: 0,
              ),
              end: LineColumn(
                line: 0,
                column: 0,
              ),
            ),
          ),
          rhs: Expr(
            id: NodeId(7),
            kind: Call(CallExpression(
              callee: Expr(
                id: NodeId(6),
                kind: Path(Path(
                  segments: [
                    Ident(
                      name: "bar",
                      span: Span(
                        start: LineColumn(
                          line: 0,
                          column: 12,
                        ),
                        end: LineColumn(
                          line: 0,
                          column: 15,
                        ),
                      ),
                    ),
                  ],
                  span: Span(
                    start: LineColumn(
                      line: 0,
                      column: 12,
                    ),
                    end: LineColumn(
                      line: 0,
                      column: 15,
                    ),
                  ),
                )),
                leading_comments: [],
                trailing_comments: [],
                span: Span(
                  start: LineColumn(
                    line: 0,
                    column: 12,
                  ),
                  end: LineColumn(
                    line: 0,
                    column: 15,
                  ),
                ),
              ),
              arguments: [],
            )),
            leading_comments: [],
            trailing_comments: [],
            span: Span(
              start: LineColumn(
                line: 0,
                column: 12,
              ),
              end: LineColumn(
                line: 0,
                column: 17,
              ),
            ),
          ),
        )),
        leading_comments: [],
        trailing_comments: [],
        span: Span(
          start: LineColumn(
            line: 0,
            column: 0,
          ),
          end: LineColumn(
            line: 0,
            column: 17,
          ),
        ),
      )),
      span: Span(
        start: LineColumn(
          line: 0,
          column: 0,
        ),
        end: LineColumn(
          line: 0,
          column: 18,
        ),
      ),
      leading_comments: [],
      trailing_comments: [],
    ),
  ],
  span: Span(
    start: LineColumn(
      line: 0,
      column: 0,
    ),
    end: LineColumn(
      line: 0,
      column: 0,
    ),
  ),
)
