---
source: crates/tlang_parser/tests/parser.rs
expression: "parse!(\"if (1 + 2) { 3 + 4; } else { 5 + 6; }\")"
---
Node(
  ast_node: Legacy(Module([
    Node(
      ast_node: Legacy(ExpressionStatement(Expr(
        kind: IfElse(
          condition: Expr(
            kind: BinaryOp(
              op: Add,
              lhs: Expr(
                kind: Literal(Integer(1)),
                span: Span(
                  start: LineColumn(
                    line: 0,
                    column: 4,
                  ),
                  end: LineColumn(
                    line: 0,
                    column: 5,
                  ),
                ),
              ),
              rhs: Expr(
                kind: Literal(Integer(2)),
                span: Span(
                  start: LineColumn(
                    line: 0,
                    column: 8,
                  ),
                  end: LineColumn(
                    line: 0,
                    column: 9,
                  ),
                ),
              ),
            ),
            span: Span(
              start: LineColumn(
                line: 0,
                column: 3,
              ),
              end: LineColumn(
                line: 0,
                column: 10,
              ),
            ),
          ),
          then_branch: Expr(
            kind: Block([
              Node(
                ast_node: Legacy(ExpressionStatement(Expr(
                  kind: BinaryOp(
                    op: Add,
                    lhs: Expr(
                      kind: Literal(Integer(3)),
                      span: Span(
                        start: LineColumn(
                          line: 0,
                          column: 13,
                        ),
                        end: LineColumn(
                          line: 0,
                          column: 14,
                        ),
                      ),
                    ),
                    rhs: Expr(
                      kind: Literal(Integer(4)),
                      span: Span(
                        start: LineColumn(
                          line: 0,
                          column: 17,
                        ),
                        end: LineColumn(
                          line: 0,
                          column: 18,
                        ),
                      ),
                    ),
                  ),
                  span: Span(
                    start: LineColumn(
                      line: 0,
                      column: 13,
                    ),
                    end: LineColumn(
                      line: 0,
                      column: 18,
                    ),
                  ),
                ))),
                symbol_table: None,
                span: Span(
                  start: LineColumn(
                    line: 0,
                    column: 13,
                  ),
                  end: LineColumn(
                    line: 0,
                    column: 19,
                  ),
                ),
              ),
            ], None),
            span: Span(
              start: LineColumn(
                line: 0,
                column: 0,
              ),
              end: LineColumn(
                line: 0,
                column: 0,
              ),
            ),
          ),
          else_branch: Some(Expr(
            kind: Block([
              Node(
                ast_node: Legacy(ExpressionStatement(Expr(
                  kind: BinaryOp(
                    op: Add,
                    lhs: Expr(
                      kind: Literal(Integer(5)),
                      span: Span(
                        start: LineColumn(
                          line: 0,
                          column: 29,
                        ),
                        end: LineColumn(
                          line: 0,
                          column: 30,
                        ),
                      ),
                    ),
                    rhs: Expr(
                      kind: Literal(Integer(6)),
                      span: Span(
                        start: LineColumn(
                          line: 0,
                          column: 33,
                        ),
                        end: LineColumn(
                          line: 0,
                          column: 34,
                        ),
                      ),
                    ),
                  ),
                  span: Span(
                    start: LineColumn(
                      line: 0,
                      column: 29,
                    ),
                    end: LineColumn(
                      line: 0,
                      column: 34,
                    ),
                  ),
                ))),
                symbol_table: None,
                span: Span(
                  start: LineColumn(
                    line: 0,
                    column: 29,
                  ),
                  end: LineColumn(
                    line: 0,
                    column: 35,
                  ),
                ),
              ),
            ], None),
            span: Span(
              start: LineColumn(
                line: 0,
                column: 0,
              ),
              end: LineColumn(
                line: 0,
                column: 0,
              ),
            ),
          )),
        ),
        span: Span(
          start: LineColumn(
            line: 0,
            column: 0,
          ),
          end: LineColumn(
            line: 0,
            column: 37,
          ),
        ),
      ))),
      symbol_table: None,
      span: Span(
        start: LineColumn(
          line: 0,
          column: 0,
        ),
        end: LineColumn(
          line: 0,
          column: 37,
        ),
      ),
    ),
  ])),
  symbol_table: None,
  span: Span(
    start: LineColumn(
      line: 0,
      column: 0,
    ),
    end: LineColumn(
      line: 0,
      column: 0,
    ),
  ),
)
