---
source: tests/runner/src/main.rs
description: "Backend: javascript"
expression: "apply_redactions(&output, workspace_root)"
input_file: tests/protocols/protocol_default_self_dispatch.tlang
---
6
3
6

warning: `rec` call is not in tail position; the `rec` annotation has no effect
   ┌─ [WORKSPACE_ROOT]/tests/protocols/protocol_default_self_dispatch.tlang:18:5
   │
18 │     rec foldl(tail, f(acc, head), f)
   │     ^^^^^^^^^^^^^^^^^^^^^^^^^^^^^^^^
