---
source: tests/runner/src/main.rs
description: "Backend: interpreter"
expression: "apply_redactions(&output, workspace_root)"
input_file: tests/strings/regex_literals.tlang
---
true
true
false
false
123
no match
hello world
/foo|bar/gi
true
false
false
true
true

[TIMESTAMP] WARN  tlang_hir_opt::symbol_resolution::identifier_resolver] No symbols found for path 'Match::matches' on line 846. Available symbols: [INTERNAL_SYMBOL_TABLE]
[TIMESTAMP] WARN  tlang_hir_opt::symbol_resolution::identifier_resolver] No symbols found for path 'Match::matches' on line 877. Available symbols: [INTERNAL_SYMBOL_TABLE]
[TIMESTAMP] WARN  tlang_hir_opt::symbol_resolution::identifier_resolver] No symbols found for path 'Match::matches' on line 934. Available symbols: [INTERNAL_SYMBOL_TABLE]
[TIMESTAMP] WARN  tlang_hir_opt::symbol_resolution::identifier_resolver] No symbols found for path 'Match::matches' on line 965. Available symbols: [INTERNAL_SYMBOL_TABLE]
[TIMESTAMP] WARN  tlang_hir_opt::symbol_resolution::identifier_resolver] No symbols found for path 'Match::matches' on line 1025. Available symbols: [INTERNAL_SYMBOL_TABLE]
[TIMESTAMP] WARN  tlang_hir_opt::slot_allocation::slot_allocator] Unable to assign slot for path 'Match::matches' on line 846, as it has not been resolved
[TIMESTAMP] WARN  tlang_hir_opt::slot_allocation::slot_allocator] Unable to assign slot for path 'Match::matches' on line 877, as it has not been resolved
[TIMESTAMP] WARN  tlang_hir_opt::slot_allocation::slot_allocator] Unable to assign slot for path 'Match::matches' on line 934, as it has not been resolved
[TIMESTAMP] WARN  tlang_hir_opt::slot_allocation::slot_allocator] Unable to assign slot for path 'Match::matches' on line 965, as it has not been resolved
[TIMESTAMP] WARN  tlang_hir_opt::slot_allocation::slot_allocator] Unable to assign slot for path 'Match::matches' on line 1025, as it has not been resolved
