---
source: tests/runner/src/main.rs
description: "Backend: javascript"
expression: "apply_redactions(&output, workspace_root)"
input_file: tests/strings/string_processing.tlang
---
=== String Processing Demo ===
Palindrome tests:
[ true, false, true, false, true ]
String reversal:
olleh
dlrow
Character counting:
2
3
Alphabetic string tests:
[ true, false, true, true ]

warning: Unused function `is_alpha/1`
   ┌─ [WORKSPACE_ROOT]/tests/strings/string_processing.tlang:24:4
   │
24 │ fn is_alpha("") { true }
   │    ^^^^^^^^

warning: `rec` call is not in tail position; the `rec` annotation has no effect
  ┌─ [WORKSPACE_ROOT]/tests/strings/string_processing.tlang:8:5
  │
8 │     rec reverse_string(rest, c + acc)
  │     ^^^^^^^^^^^^^^^^^^^^^^^^^^^^^^^^^

warning: `rec` call is not in tail position; the `rec` annotation has no effect
   ┌─ [WORKSPACE_ROOT]/tests/strings/string_processing.tlang:20:5
   │
20 │     rec count_char(rest, target) 
   │     ^^^^^^^^^^^^^^^^^^^^^^^^^^^^
