---
source: crates/tlang_test_runner/src/main.rs
expression: apply_redactions(&output)
input_file: tests/functions/mandelbrot/mandelbrot.tlang
---
[stdin]:355
console.log(map(range$$2(0, 9), (y) => map(range$$2(0, 19), (x) => mandelbrot$$3(c_real, c_imag, 50))));
                                                                                 ^

ReferenceError: c_real is not defined
    at [stdin]:355:82
    at apply_map ([stdin]:287:21)
    at [stdin]:290:38
    at foldl ([stdin]:277:26)
    at map ([stdin]:290:12)
    at [stdin]:355:40
    at apply_map ([stdin]:287:21)
    at [stdin]:290:38
    at foldl ([stdin]:277:26)
    at map ([stdin]:290:12)

Node.js v24.0.2
