---
source: crates/tlang_test_runner/src/main.rs
description: "Backend: interpreter"
expression: apply_redactions(&output)
input_file: tests/functions/factorial.tlang
---
=== Factorial Computation Demo ===
Testing traditional recursive factorial:
[1, 1, 120, 5040, 3628800]
Testing tail-recursive factorial:
[1, 1, 120, 5040, 3628800]
Testing iterative factorial:
[1, 1, 120, 5040, 3628800]
Verification: All methods should produce identical results
[true, true, true, true, true]
