---
source: crates/tlang_codegen_js/tests/generator.rs
expression: output
---
function main() {
        let $tmp$0;if (true) {
            $tmp$0 = 1;
        } else {
            $tmp$0 = 2;
        }
    let $tmp$0;if (true) {
        let x = $tmp$0;
        $tmp$0 = if (x === 1) {
                        let $tmp$1;{
                $tmp$1 = 3;
            };
$tmp$1        } else {
                        let $tmp$2;{
                $tmp$2 = 4;
            };
$tmp$2        };
    } else {
        $tmp$0 = 5;
    };
    let result = $tmp$0;
}
