---
source: crates/tlang_codegen_js/tests/generator.rs
expression: output
---
function main() {
    let $hir$0 = undefined;
    if (true) {
        let $tmp$0;if (true) {
            $tmp$0 = 1;
        } else {
            $tmp$0 = 2;
        }
        let x = $tmp$0;
        let $hir$1 = undefined;
        if (x === 1) {
            $hir$1 = 3;
        } else {
            $hir$1 = 4;
        }
        $hir$0 = $hir$1;
    } else {
        $hir$0 = 5;
    }
    let result = $hir$0;
}
